Archive member included to satisfy reference by file (symbol)

C:/Program Files/SEGGER/SEGGER Embedded Studio for ARM 5.68/lib/libc_v7em_fpv4_sp_d16_hard_t_le_eabi.a(libc_asm.o)
                              Output/Release/Obj/serial_pca10056/nrf_serial.o (__aeabi_uldivmod)
C:/Program Files/SEGGER/SEGGER Embedded Studio for ARM 5.68/lib/libc_v7em_fpv4_sp_d16_hard_t_le_eabi.a(libc2.o)
                              Output/Release/Obj/serial_pca10056/main.o (printf)
C:/Program Files/SEGGER/SEGGER Embedded Studio for ARM 5.68/lib/libc_v7em_fpv4_sp_d16_hard_t_le_eabi.a(libc2_asm.o)
                              Output/Release/Obj/serial_pca10056/app_scheduler.o (memcpy)
C:/Program Files/SEGGER/SEGGER Embedded Studio for ARM 5.68/lib/libc_v7em_fpv4_sp_d16_hard_t_le_eabi.a(libvfprintf.o)
                              (__vfprintf_long)
C:/Program Files/SEGGER/SEGGER Embedded Studio for ARM 5.68/lib/libc_v7em_fpv4_sp_d16_hard_t_le_eabi.a(libvfscanf.o)
                              (__vfscanf_long)
C:/Program Files/SEGGER/SEGGER Embedded Studio for ARM 5.68/lib/libc_v7em_fpv4_sp_d16_hard_t_le_eabi.a(libc.o)
                              C:/Program Files/SEGGER/SEGGER Embedded Studio for ARM 5.68/lib/libc_v7em_fpv4_sp_d16_hard_t_le_eabi.a(libc2.o) (__heap_lock)
C:/Program Files/SEGGER/SEGGER Embedded Studio for ARM 5.68/lib/libdebugio_v7em_fpv4_sp_d16_hard_t_le_eabi.a(libdebugio.o)
                              Output/Release/Obj/serial_pca10056/thumb_crt0.o (debug_fopen)
C:/Program Files/SEGGER/SEGGER Embedded Studio for ARM 5.68/lib/libdebugio_v7em_fpv4_sp_d16_hard_t_le_eabi.a(do_nv_debug_operation.o)
                              C:/Program Files/SEGGER/SEGGER Embedded Studio for ARM 5.68/lib/libdebugio_v7em_fpv4_sp_d16_hard_t_le_eabi.a(libdebugio.o) (__do_nvdebug_operation)
C:/Program Files/SEGGER/SEGGER Embedded Studio for ARM 5.68/lib/libdebugio_v7em_fpv4_sp_d16_hard_t_le_eabi.a(mempoll_debug_operations.o)
                              (__do_debug_operation_mempoll)
C:/Program Files/SEGGER/SEGGER Embedded Studio for ARM 5.68/lib/libm_v7em_fpv4_sp_d16_hard_t_le_eabi.a(libm_asm.o)
                              C:/Program Files/SEGGER/SEGGER Embedded Studio for ARM 5.68/lib/libc_v7em_fpv4_sp_d16_hard_t_le_eabi.a(libc2.o) (__aeabi_dadd)
C:/Program Files/SEGGER/SEGGER Embedded Studio for ARM 5.68/lib/libm_v7em_fpv4_sp_d16_hard_t_le_eabi.a(libm2.o)
                              C:/Program Files/SEGGER/SEGGER Embedded Studio for ARM 5.68/lib/libc_v7em_fpv4_sp_d16_hard_t_le_eabi.a(libvfprintf.o) (frexp)

Discarded input sections

 .text          0x0000000000000000        0x0 Output/Release/Obj/serial_pca10056/thumb_crt0.o
 .data          0x0000000000000000        0x0 Output/Release/Obj/serial_pca10056/thumb_crt0.o
 .bss           0x0000000000000000        0x0 Output/Release/Obj/serial_pca10056/thumb_crt0.o
 .text.__aeabi_read_tp
                0x0000000000000000        0x8 Output/Release/Obj/serial_pca10056/thumb_crt0.o
 .text.abort    0x0000000000000000        0x2 Output/Release/Obj/serial_pca10056/thumb_crt0.o
 .text.__assert
                0x0000000000000000        0x2 Output/Release/Obj/serial_pca10056/thumb_crt0.o
 .text.__assert_func
                0x0000000000000000        0x2 Output/Release/Obj/serial_pca10056/thumb_crt0.o
 .text.__aeabi_assert
                0x0000000000000000        0x2 Output/Release/Obj/serial_pca10056/thumb_crt0.o
 .text.__sync_synchronize
                0x0000000000000000        0x2 Output/Release/Obj/serial_pca10056/thumb_crt0.o
 .text.__getchar
                0x0000000000000000        0x4 Output/Release/Obj/serial_pca10056/thumb_crt0.o
 .text.__open   0x0000000000000000        0x4 Output/Release/Obj/serial_pca10056/thumb_crt0.o
 .text.__close  0x0000000000000000        0x4 Output/Release/Obj/serial_pca10056/thumb_crt0.o
 .text.__write  0x0000000000000000        0xa Output/Release/Obj/serial_pca10056/thumb_crt0.o
 .text.__read   0x0000000000000000        0xa Output/Release/Obj/serial_pca10056/thumb_crt0.o
 .text.__seek   0x0000000000000000       0x1a Output/Release/Obj/serial_pca10056/thumb_crt0.o
 .text.remove   0x0000000000000000        0x4 Output/Release/Obj/serial_pca10056/thumb_crt0.o
 .text.rename   0x0000000000000000        0x4 Output/Release/Obj/serial_pca10056/thumb_crt0.o
 .bss.__user_locale_name_buffer
                0x0000000000000000        0x4 Output/Release/Obj/serial_pca10056/thumb_crt0.o
 .stack         0x0000000000000000        0x0 Output/Release/Obj/serial_pca10056/thumb_crt0.o
 .stack_process
                0x0000000000000000        0x0 Output/Release/Obj/serial_pca10056/thumb_crt0.o
 .heap          0x0000000000000000        0x0 Output/Release/Obj/serial_pca10056/thumb_crt0.o
 .group         0x0000000000000000        0xc Output/Release/Obj/serial_pca10056/nrf_log_frontend.o
 .group         0x0000000000000000        0xc Output/Release/Obj/serial_pca10056/nrf_log_frontend.o
[...]
Memory Configuration

Name             Origin             Length             Attributes
UNPLACED_SECTIONS 0x0000000100000000 0x0000000000000000 xw
RAM              0x0000000020000000 0x0000000000040000 xw
FLASH            0x0000000000000000 0x0000000000100000 xw
*default*        0x0000000000000000 0xffffffffffffffff

Linker script and memory map

                0x000000000000371c                __do_debug_operation = __do_debug_operation_mempoll
                0x00000000000030f8                __vfprintf = __vfprintf_long
                0x0000000000000000                __vfscanf = __vfscanf_long
                0x0000000020000000                __RAM_segment_start__ = 0x20000000
                0x0000000020040000                __RAM_segment_end__ = 0x20040000
                0x0000000000040000                __RAM_segment_size__ = 0x40000
                0x0000000000000000                __FLASH_segment_start__ = 0x0
                0x0000000000100000                __FLASH_segment_end__ = 0x100000
                0x0000000000100000                __FLASH_segment_size__ = 0x100000
                0x0000000000002000                __HEAPSIZE__ = 0x2000
                0x0000000000000000                __STACKSIZE_PROCESS__ = 0x0
                0x0000000000002000                __STACKSIZE__ = 0x2000
                0x0000000020000000                __vectors_ram_load_start__ = 0x20000000

.vectors_ram    0x0000000020000000        0x0
                0x0000000020000000                __vectors_ram_start__ = .
                0x0000000020000000                __app_ram_start__ = __vectors_ram_start__
 *(.vectors_ram .vectors_ram.*)
                0x0000000020000000                __vectors_ram_end__ = (__vectors_ram_start__ + SIZEOF (.vectors_ram))
                0x0000000000000000                __vectors_ram_size__ = SIZEOF (.vectors_ram)
                0x0000000020000000                __vectors_ram_load_end__ = __vectors_ram_end__
                0x0000000000000001                . = ASSERT (((__vectors_ram_start__ == __vectors_ram_end__) || ((__vectors_ram_end__ - __RAM_segment_start__) <= __RAM_segment_size__)), error: .vectors_ram is too large to fit in RAM memory segment)
                0x0000000020000000                __nrf_sections_run_load_start__ = ALIGN (__vectors_ram_end__, 0x4)

.nrf_sections_run
                0x0000000020000000        0x0
                0x0000000020000000                __nrf_sections_run_start__ = .
                0x0000000020000000                __start_nrf_sections_run = __nrf_sections_run_start__
 *(.nrf_sections_run .nrf_sections_run.*)
                0x0000000020000000                __nrf_sections_run_end__ = (__nrf_sections_run_start__ + SIZEOF (.nrf_sections_run))
                0x0000000000000000                __nrf_sections_run_size__ = SIZEOF (.nrf_sections_run)
                0x0000000020000000                __nrf_sections_run_load_end__ = __nrf_sections_run_end__
                0x0000000000000001                . = ASSERT (((__nrf_sections_run_start__ == __nrf_sections_run_end__) || ((__nrf_sections_run_end__ - __RAM_segment_start__) <= __RAM_segment_size__)), error: .nrf_sections_run is too large to fit in RAM memory segment)
                0x0000000000000000                __vectors_load_start__ = 0x0

.vectors        0x0000000000000000      0x200
                0x0000000000000000                __vectors_start__ = .
 *(.vectors .vectors.*)
 .vectors       0x0000000000000000      0x200 Output/Release/Obj/serial_pca10056/ses_startup_nrf52840.o
                0x0000000000000000                _vectors
                0x0000000000000200                __vectors_end__ = (__vectors_start__ + SIZEOF (.vectors))
                0x0000000000000200                __vectors_size__ = SIZEOF (.vectors)
                0x0000000000000200                __vectors_load_end__ = __vectors_end__
                0x0000000000000001                . = ASSERT (((__vectors_start__ == __vectors_end__) || ((__vectors_end__ - __FLASH_segment_start__) <= __FLASH_segment_size__)), error: .vectors is too large to fit in FLASH memory segment)
                0x0000000000000200                __init_load_start__ = ALIGN (__vectors_end__, 0x4)

.init           0x0000000000000200      0x1d0
                0x0000000000000200                __init_start__ = .
 *(.init .init.*)
 .init          0x0000000000000200      0x15c Output/Release/Obj/serial_pca10056/thumb_crt0.o
                0x0000000000000200                _start
                0x00000000000002b4                exit
 .init          0x000000000000035c       0x18 Output/Release/Obj/serial_pca10056/ses_startup_nrf52840.o
                0x000000000000035c                NMI_Handler
                0x0000000000000360                MemoryManagement_Handler
                0x0000000000000362                BusFault_Handler
                0x0000000000000364                UsageFault_Handler
                0x0000000000000366                SVC_Handler
                0x0000000000000368                DebugMon_Handler
                0x000000000000036a                PendSV_Handler
                0x000000000000036c                SysTick_Handler
                0x000000000000036e                PWM1_IRQHandler
                0x000000000000036e                RTC0_IRQHandler
                0x000000000000036e                RADIO_IRQHandler
                0x000000000000036e                PDM_IRQHandler
                0x000000000000036e                TEMP_IRQHandler
                0x000000000000036e                QDEC_IRQHandler
                0x000000000000036e                TIMER3_IRQHandler
                0x000000000000036e                PWM3_IRQHandler
                0x000000000000036e                FPU_IRQHandler
                0x000000000000036e                USBD_IRQHandler
                0x000000000000036e                SPIM0_SPIS0_TWIM0_TWIS0_SPI0_TWI0_IRQHandler
                0x000000000000036e                QSPI_IRQHandler
                0x000000000000036e                TIMER4_IRQHandler
                0x000000000000036e                CRYPTOCELL_IRQHandler
                0x000000000000036e                SWI2_EGU2_IRQHandler
                0x000000000000036e                SWI4_EGU4_IRQHandler
                0x000000000000036e                TIMER0_IRQHandler
                0x000000000000036e                UARTE1_IRQHandler
                0x000000000000036e                Dummy_Handler
                0x000000000000036e                TIMER1_IRQHandler
                0x000000000000036e                SPIM3_IRQHandler
                0x000000000000036e                PWM2_IRQHandler
                0x000000000000036e                ECB_IRQHandler
                0x000000000000036e                SPIM1_SPIS1_TWIM1_TWIS1_SPI1_TWI1_IRQHandler
                0x000000000000036e                SAADC_IRQHandler
                0x000000000000036e                CCM_AAR_IRQHandler
                0x000000000000036e                WDT_IRQHandler
                0x000000000000036e                SWI0_EGU0_IRQHandler
                0x000000000000036e                SWI5_EGU5_IRQHandler
                0x000000000000036e                RNG_IRQHandler
                0x000000000000036e                RTC2_IRQHandler
                0x000000000000036e                PWM0_IRQHandler
                0x000000000000036e                SWI3_EGU3_IRQHandler
                0x000000000000036e                SWI1_EGU1_IRQHandler
                0x000000000000036e                SPIM2_SPIS2_SPI2_IRQHandler
                0x000000000000036e                NFCT_IRQHandler
                0x000000000000036e                I2S_IRQHandler
                0x000000000000036e                MWU_IRQHandler
                0x000000000000036e                TIMER2_IRQHandler
                0x000000000000036e                COMP_LPCOMP_IRQHandler
                0x0000000000000370                nRFInitialize
 .init          0x0000000000000374       0x5c Output/Release/Obj/serial_pca10056/ses_startup_nrf_common.o
                0x0000000000000374                Reset_Handler
                0x0000000000000378                afterInitialize
                0x000000000000039c                InitializeUserMemorySections
                0x00000000000003d0                __init_end__ = (__init_start__ + SIZEOF (.init))
                0x00000000000001d0                __init_size__ = SIZEOF (.init)
                0x00000000000003d0                __init_load_end__ = __init_end__
                0x0000000000000001                . = ASSERT (((__init_start__ == __init_end__) || ((__init_end__ - __FLASH_segment_start__) <= __FLASH_segment_size__)), error: .init is too large to fit in FLASH memory segment)
                0x00000000000003d0                __init_rodata_load_start__ = ALIGN (__init_end__, 0x4)

.init_rodata    0x00000000000003d0        0x0
                0x00000000000003d0                __init_rodata_start__ = .
 *(.init_rodata .init_rodata.*)
                0x00000000000003d0                __init_rodata_end__ = (__init_rodata_start__ + SIZEOF (.init_rodata))
                0x0000000000000000                __init_rodata_size__ = SIZEOF (.init_rodata)
                0x00000000000003d0                __init_rodata_load_end__ = __init_rodata_end__
                0x0000000000000001                . = ASSERT (((__init_rodata_start__ == __init_rodata_end__) || ((__init_rodata_end__ - __FLASH_segment_start__) <= __FLASH_segment_size__)), error: .init_rodata is too large to fit in FLASH memory segment)
                0x00000000000003d0                __text_load_start__ = ALIGN (__init_rodata_end__, 0x4)

.text           0x00000000000003d0     0x3378
                0x00000000000003d0                __text_start__ = .
 *(.text .text.* .glue_7t .glue_7 .gnu.linkonce.t.* .gcc_except_table .ARM.extab* .gnu.linkonce.armextab.*)
 .glue_7        0x00000000000003d0        0x0 linker stubs
 .glue_7t       0x00000000000003d0        0x0 linker stubs
 .text.__putchar
                0x00000000000003d0        0x4 Output/Release/Obj/serial_pca10056/thumb_crt0.o
                0x00000000000003d0                __putchar
 .text.nrf_gpio_pin_port_decode
                0x00000000000003d4       0x30 Output/Release/Obj/serial_pca10056/boards.o
 .text.bsp_board_led_off
                0x0000000000000404       0x34 Output/Release/Obj/serial_pca10056/boards.o
                0x0000000000000404                bsp_board_led_off
 .text.bsp_board_leds_off
                0x0000000000000438       0x1e Output/Release/Obj/serial_pca10056/boards.o
                0x0000000000000438                bsp_board_leds_off
 *fill*         0x0000000000000456        0x2 
 .text.bsp_board_init
                0x0000000000000458       0x60 Output/Release/Obj/serial_pca10056/boards.o
                0x0000000000000458                bsp_board_init
 .text.app_error_save_and_stop
                0x00000000000004b8       0x58 Output/Release/Obj/serial_pca10056/app_error.o
                0x00000000000004b8                app_error_save_and_stop
 .text.app_error_handler
                0x0000000000000510       0x1a Output/Release/Obj/serial_pca10056/app_error_handler_gcc.o
                0x0000000000000510                app_error_handler
 *fill*         0x000000000000052a        0x2 
 .text.app_error_fault_handler
                0x000000000000052c       0x18 Output/Release/Obj/serial_pca10056/app_error_weak.o
                0x000000000000052c                app_error_fault_handler
 .text.compare_func
                0x0000000000000544       0x18 Output/Release/Obj/serial_pca10056/app_timer2.o
 .text.get_now  0x000000000000055c       0x38 Output/Release/Obj/serial_pca10056/app_timer2.o
 .text.timer_req_schedule
                0x0000000000000594       0x38 Output/Release/Obj/serial_pca10056/app_timer2.o
 .text.timer_expire
                0x00000000000005cc       0x78 Output/Release/Obj/serial_pca10056/app_timer2.o
 .text.app_timer_init
                0x0000000000000644       0x64 Output/Release/Obj/serial_pca10056/app_timer2.o
                0x0000000000000644                app_timer_init
 .text.app_timer_create
                0x00000000000006a8       0x38 Output/Release/Obj/serial_pca10056/app_timer2.o
                0x00000000000006a8                app_timer_create
 .text.app_timer_start
                0x00000000000006e0       0x44 Output/Release/Obj/serial_pca10056/app_timer2.o
                0x00000000000006e0                app_timer_start
 .text.app_timer_stop
                0x0000000000000724       0x24 Output/Release/Obj/serial_pca10056/app_timer2.o
                0x0000000000000724                app_timer_stop
 .text.app_timer_cnt_get
                0x0000000000000748        0xc Output/Release/Obj/serial_pca10056/app_timer2.o
                0x0000000000000748                app_timer_cnt_get
 .text.rtc_irq  0x0000000000000754      0x1bc Output/Release/Obj/serial_pca10056/app_timer2.o
 .text.app_util_disable_irq
                0x0000000000000910       0x10 Output/Release/Obj/serial_pca10056/app_util_platform.o
                0x0000000000000910                app_util_disable_irq
 .text.app_util_enable_irq
                0x0000000000000920       0x14 Output/Release/Obj/serial_pca10056/app_util_platform.o
                0x0000000000000920                app_util_enable_irq
 .text.privilege_level_get
                0x0000000000000934       0x1a Output/Release/Obj/serial_pca10056/app_util_platform.o
                0x0000000000000934                privilege_level_get
 *fill*         0x000000000000094e        0x2 
 .text.app_util_critical_region_enter
                0x0000000000000950       0x20 Output/Release/Obj/serial_pca10056/app_util_platform.o
                0x0000000000000950                app_util_critical_region_enter
 .text.app_util_critical_region_exit
                0x0000000000000970       0x20 Output/Release/Obj/serial_pca10056/app_util_platform.o
                0x0000000000000970                app_util_critical_region_exit
 .text.evt_disable
                0x0000000000000990       0x20 Output/Release/Obj/serial_pca10056/drv_rtc.o
 .text.evt_enable
                0x00000000000009b0       0x24 Output/Release/Obj/serial_pca10056/drv_rtc.o
 .text.evt_pending
                0x00000000000009d4       0x2c Output/Release/Obj/serial_pca10056/drv_rtc.o
 .text.drv_rtc_init
                0x0000000000000a00       0xd4 Output/Release/Obj/serial_pca10056/drv_rtc.o
                0x0000000000000a00                drv_rtc_init
 .text.drv_rtc_start
                0x0000000000000ad4       0x1c Output/Release/Obj/serial_pca10056/drv_rtc.o
                0x0000000000000ad4                drv_rtc_start
 .text.drv_rtc_stop
                0x0000000000000af0       0x1c Output/Release/Obj/serial_pca10056/drv_rtc.o
                0x0000000000000af0                drv_rtc_stop
 .text.drv_rtc_compare_set
                0x0000000000000b0c       0x5c Output/Release/Obj/serial_pca10056/drv_rtc.o
                0x0000000000000b0c                drv_rtc_compare_set
 .text.drv_rtc_windowed_compare_set
                0x0000000000000b68       0xfc Output/Release/Obj/serial_pca10056/drv_rtc.o
                0x0000000000000b68                drv_rtc_windowed_compare_set
 .text.drv_rtc_overflow_enable
                0x0000000000000c64        0x8 Output/Release/Obj/serial_pca10056/drv_rtc.o
                0x0000000000000c64                drv_rtc_overflow_enable
 .text.drv_rtc_overflow_pending
                0x0000000000000c6c        0x8 Output/Release/Obj/serial_pca10056/drv_rtc.o
                0x0000000000000c6c                drv_rtc_overflow_pending
 .text.drv_rtc_compare_disable
                0x0000000000000c74        0xc Output/Release/Obj/serial_pca10056/drv_rtc.o
                0x0000000000000c74                drv_rtc_compare_disable
 .text.drv_rtc_compare_pending
                0x0000000000000c80        0xa Output/Release/Obj/serial_pca10056/drv_rtc.o
                0x0000000000000c80                drv_rtc_compare_pending
 .text.drv_rtc_counter_get
                0x0000000000000c8a        0x8 Output/Release/Obj/serial_pca10056/drv_rtc.o
                0x0000000000000c8a                drv_rtc_counter_get
 *fill*         0x0000000000000c92        0x2 
 .text.drv_rtc_irq_trigger
                0x0000000000000c94       0x20 Output/Release/Obj/serial_pca10056/drv_rtc.o
                0x0000000000000c94                drv_rtc_irq_trigger
 .text.RTC1_IRQHandler
                0x0000000000000cb4       0x14 Output/Release/Obj/serial_pca10056/drv_rtc.o
                0x0000000000000cb4                RTC1_IRQHandler
 .text.HardFault_Handler
                0x0000000000000cc8       0x34 Output/Release/Obj/serial_pca10056/hardfault_handler_gcc.o
                0x0000000000000cc8                HardFault_Handler
 .text.HardFault_process
                0x0000000000000cfc       0x24 Output/Release/Obj/serial_pca10056/hardfault_implementation.o
                0x0000000000000cfc                HardFault_process
 .text.HardFault_c_handler
                0x0000000000000d20       0x1c Output/Release/Obj/serial_pca10056/hardfault_implementation.o
                0x0000000000000d20                HardFault_c_handler
 .text.assert_nrf_callback
                0x0000000000000d3c       0x1a Output/Release/Obj/serial_pca10056/nrf_assert.o
                0x0000000000000d3c                assert_nrf_callback
 .text.nrf_atfifo_init
                0x0000000000000d56       0x26 Output/Release/Obj/serial_pca10056/nrf_atfifo.o
                0x0000000000000d56                nrf_atfifo_init
 .text.nrf_atfifo_item_alloc
                0x0000000000000d7c       0x54 Output/Release/Obj/serial_pca10056/nrf_atfifo.o
                0x0000000000000d7c                nrf_atfifo_item_alloc
 .text.nrf_atfifo_item_put
                0x0000000000000dd0       0x20 Output/Release/Obj/serial_pca10056/nrf_atfifo.o
                0x0000000000000dd0                nrf_atfifo_item_put
 .text.nrf_atfifo_item_get
                0x0000000000000df0       0x56 Output/Release/Obj/serial_pca10056/nrf_atfifo.o
                0x0000000000000df0                nrf_atfifo_item_get
 .text.nrf_atfifo_item_free
                0x0000000000000e46       0x20 Output/Release/Obj/serial_pca10056/nrf_atfifo.o
                0x0000000000000e46                nrf_atfifo_item_free
 .text.nrf_atomic_u32_fetch_store
                0x0000000000000e66       0x16 Output/Release/Obj/serial_pca10056/nrf_atomic.o
                0x0000000000000e66                nrf_atomic_u32_fetch_store
 .text.queue_utilization_get
                0x0000000000000e7c       0x18 Output/Release/Obj/serial_pca10056/nrf_queue.o
 .text.nrf_queue_next_idx
                0x0000000000000e94       0x20 Output/Release/Obj/serial_pca10056/nrf_queue.o
 .text.queue_read
                0x0000000000000eb4       0x5a Output/Release/Obj/serial_pca10056/nrf_queue.o
 *fill*         0x0000000000000f0e        0x2 
 .text.nrf_queue_out
                0x0000000000000f10       0x4c Output/Release/Obj/serial_pca10056/nrf_queue.o
                0x0000000000000f10                nrf_queue_out
 .text.nrf_queue_reset
                0x0000000000000f5c       0x2c Output/Release/Obj/serial_pca10056/nrf_queue.o
                0x0000000000000f5c                nrf_queue_reset
 .text.nrf_queue_utilization_get
                0x0000000000000f88       0x2c Output/Release/Obj/serial_pca10056/nrf_queue.o
                0x0000000000000f88                nrf_queue_utilization_get
 .text.nrf_queue_is_empty
                0x0000000000000fb4       0x24 Output/Release/Obj/serial_pca10056/nrf_queue.o
                0x0000000000000fb4                nrf_queue_is_empty
 .text.nrf_queue_available_get
                0x0000000000000fd8       0x20 Output/Release/Obj/serial_pca10056/nrf_queue.o
                0x0000000000000fd8                nrf_queue_available_get
 .text.queue_write
                0x0000000000000ff8       0x90 Output/Release/Obj/serial_pca10056/nrf_queue.o
 .text.nrf_queue_in
                0x0000000000001088       0x5c Output/Release/Obj/serial_pca10056/nrf_queue.o
                0x0000000000001088                nrf_queue_in
 .text.event_handler
                0x00000000000010e4        0xc Output/Release/Obj/serial_pca10056/nrf_serial.o
 .text.serial_timeout_handler
                0x00000000000010f0        0x6 Output/Release/Obj/serial_pca10056/nrf_serial.o
 *fill*         0x00000000000010f6        0x2 
 .text.nrf_mtx_unlock
                0x00000000000010f8       0x20 Output/Release/Obj/serial_pca10056/nrf_serial.o
 .text.nrf_drv_uart_tx
                0x0000000000001118       0x24 Output/Release/Obj/serial_pca10056/nrf_serial.o
 .text.nrf_drv_uart_rx
                0x000000000000113c       0x24 Output/Release/Obj/serial_pca10056/nrf_serial.o
 .text.uart_event_handler
                0x0000000000001160       0x98 Output/Release/Obj/serial_pca10056/nrf_serial.o
 .text.nrf_mtx_trylock
                0x00000000000011f8       0x14 Output/Release/Obj/serial_pca10056/nrf_serial.o
 .text.nrf_drv_uart_tx_in_progress
                0x000000000000120c       0x18 Output/Release/Obj/serial_pca10056/nrf_serial.o
 .text.serial_rx
                0x0000000000001224       0x6c Output/Release/Obj/serial_pca10056/nrf_serial.o
 .text.timeout_setup.constprop.0
                0x0000000000001290       0x4c Output/Release/Obj/serial_pca10056/nrf_serial.o
 .text.sleep_handler.isra.0
                0x00000000000012dc        0xe Output/Release/Obj/serial_pca10056/nrf_serial.o
 *fill*         0x00000000000012ea        0x2 
 .text.nrf_serial_init
                0x00000000000012ec      0x118 Output/Release/Obj/serial_pca10056/nrf_serial.o
                0x00000000000012ec                nrf_serial_init
 .text.nrf_serial_write
                0x0000000000001404      0x168 Output/Release/Obj/serial_pca10056/nrf_serial.o
                0x0000000000001404                nrf_serial_write
 .text.nrf_serial_read
                0x000000000000156c       0xf4 Output/Release/Obj/serial_pca10056/nrf_serial.o
                0x000000000000156c                nrf_serial_read
 .text.nrf_serial_flush
                0x0000000000001660       0xc0 Output/Release/Obj/serial_pca10056/nrf_serial.o
                0x0000000000001660                nrf_serial_flush
 .text.nrf_sortlist_add
                0x0000000000001720       0x38 Output/Release/Obj/serial_pca10056/nrf_sortlist.o
                0x0000000000001720                nrf_sortlist_add
 .text.nrf_sortlist_pop
                0x0000000000001758       0x20 Output/Release/Obj/serial_pca10056/nrf_sortlist.o
                0x0000000000001758                nrf_sortlist_pop
 .text.nrf_sortlist_peek
                0x0000000000001778       0x18 Output/Release/Obj/serial_pca10056/nrf_sortlist.o
                0x0000000000001778                nrf_sortlist_peek
 .text.nrf_sortlist_remove
                0x0000000000001790       0x38 Output/Release/Obj/serial_pca10056/nrf_sortlist.o
                0x0000000000001790                nrf_sortlist_remove
 .text.clock_clk_started_notify
                0x00000000000017c8       0x24 Output/Release/Obj/serial_pca10056/nrf_drv_clock.o
 .text.clock_irq_handler
                0x00000000000017ec       0x1c Output/Release/Obj/serial_pca10056/nrf_drv_clock.o
 .text.nrf_drv_clock_init
                0x0000000000001808       0x30 Output/Release/Obj/serial_pca10056/nrf_drv_clock.o
                0x0000000000001808                nrf_drv_clock_init
 .text.nrf_drv_clock_lfclk_request
                0x0000000000001838       0x74 Output/Release/Obj/serial_pca10056/nrf_drv_clock.o
                0x0000000000001838                nrf_drv_clock_lfclk_request
 .text.nrf_drv_power_init
                0x00000000000018ac       0x28 Output/Release/Obj/serial_pca10056/nrf_drv_power.o
                0x00000000000018ac                nrf_drv_power_init
 .text.uarte_evt_handler
                0x00000000000018d4       0x34 Output/Release/Obj/serial_pca10056/nrf_drv_uart.o
 .text.uart_evt_handler
                0x0000000000001908       0x34 Output/Release/Obj/serial_pca10056/nrf_drv_uart.o
 .text.nrf_drv_uart_init
                0x000000000000193c       0x98 Output/Release/Obj/serial_pca10056/nrf_drv_uart.o
                0x000000000000193c                nrf_drv_uart_init
 .text.nrfx_clock_init
                0x00000000000019d4       0x28 Output/Release/Obj/serial_pca10056/nrfx_clock.o
                0x00000000000019d4                nrfx_clock_init
 .text.nrfx_clock_enable
                0x00000000000019fc       0x44 Output/Release/Obj/serial_pca10056/nrfx_clock.o
                0x00000000000019fc                nrfx_clock_enable
 .text.nrfx_clock_lfclk_start
                0x0000000000001a40       0x3c Output/Release/Obj/serial_pca10056/nrfx_clock.o
                0x0000000000001a40                nrfx_clock_lfclk_start
 .text.nrfx_clock_irq_handler
                0x0000000000001a7c       0x64 Output/Release/Obj/serial_pca10056/nrfx_clock.o
                0x0000000000001a7c                nrfx_clock_irq_handler
 .text.nrf_gpiote_event_clear
                0x0000000000001ae0       0x18 Output/Release/Obj/serial_pca10056/nrfx_gpiote.o
 .text.nrf_bitmask_bit_set
                0x0000000000001af8       0x14 Output/Release/Obj/serial_pca10056/nrfx_gpiote.o
 .text.nrf_gpio_pin_port_decode
                0x0000000000001b0c       0x30 Output/Release/Obj/serial_pca10056/nrfx_gpiote.o
 .text.nrf_gpio_cfg_sense_set
                0x0000000000001b3c       0x2e Output/Release/Obj/serial_pca10056/nrfx_gpiote.o
 *fill*         0x0000000000001b6a        0x2 
 .text.nrf_gpio_ports_read.constprop.0
                0x0000000000001b6c       0x18 Output/Release/Obj/serial_pca10056/nrfx_gpiote.o
 .text.GPIOTE_IRQHandler
                0x0000000000001b84      0x19c Output/Release/Obj/serial_pca10056/nrfx_gpiote.o
                0x0000000000001b84                GPIOTE_IRQHandler
 .text.nrf_power_event_get_and_clear
                0x0000000000001d20       0x20 Output/Release/Obj/serial_pca10056/nrfx_power.o
 .text.nrfx_power_init
                0x0000000000001d40       0x58 Output/Release/Obj/serial_pca10056/nrfx_power.o
                0x0000000000001d40                nrfx_power_init
 .text.nrfx_power_irq_handler
                0x0000000000001d98       0xf8 Output/Release/Obj/serial_pca10056/nrfx_power.o
                0x0000000000001d98                nrfx_power_irq_handler
 .text.POWER_CLOCK_IRQHandler
                0x0000000000001e90        0xe Output/Release/Obj/serial_pca10056/nrfx_power.o
                0x0000000000001e90                POWER_CLOCK_IRQHandler
 *fill*         0x0000000000001e9e        0x2 
 .text.UARTE0_UART0_IRQHandler
                0x0000000000001ea0       0x20 Output/Release/Obj/serial_pca10056/nrfx_prs.o
                0x0000000000001ea0                UARTE0_UART0_IRQHandler
 .text.nrfx_prs_acquire
                0x0000000000001ec0       0x44 Output/Release/Obj/serial_pca10056/nrfx_prs.o
                0x0000000000001ec0                nrfx_prs_acquire
 .text.nrf_uart_event_clear
                0x0000000000001f04       0x10 Output/Release/Obj/serial_pca10056/nrfx_uart.o
 .text.tx_byte  0x0000000000001f14       0x1e Output/Release/Obj/serial_pca10056/nrfx_uart.o
 .text.rx_enable
                0x0000000000001f32       0x20 Output/Release/Obj/serial_pca10056/nrfx_uart.o
 *fill*         0x0000000000001f52        0x2 
 .text.nrf_gpio_pin_port_decode
                0x0000000000001f54       0x30 Output/Release/Obj/serial_pca10056/nrfx_uart.o
 .text.rx_byte  0x0000000000001f84       0x2c Output/Release/Obj/serial_pca10056/nrfx_uart.o
 .text.rx_done_event.constprop.0
                0x0000000000001fb0       0x20 Output/Release/Obj/serial_pca10056/nrfx_uart.o
 .text.nrfx_uart_0_irq_handler
                0x0000000000001fd0      0x140 Output/Release/Obj/serial_pca10056/nrfx_uart.o
                0x0000000000001fd0                nrfx_uart_0_irq_handler
 .text.nrfx_uart_init
                0x0000000000002110      0x1d0 Output/Release/Obj/serial_pca10056/nrfx_uart.o
                0x0000000000002110                nrfx_uart_init
 .text.nrfx_uart_tx_in_progress
                0x00000000000022e0       0x18 Output/Release/Obj/serial_pca10056/nrfx_uart.o
                0x00000000000022e0                nrfx_uart_tx_in_progress
 .text.nrfx_uart_tx
                0x00000000000022f8       0xdc Output/Release/Obj/serial_pca10056/nrfx_uart.o
                0x00000000000022f8                nrfx_uart_tx
 .text.nrfx_uart_rx
                0x00000000000023d4      0x134 Output/Release/Obj/serial_pca10056/nrfx_uart.o
                0x00000000000023d4                nrfx_uart_rx
 .text.nrfx_uart_rx_ready
                0x0000000000002508        0xe Output/Release/Obj/serial_pca10056/nrfx_uart.o
                0x0000000000002508                nrfx_uart_rx_ready
 *fill*         0x0000000000002516        0x2 
 .text.nrfx_uart_rx_enable
                0x0000000000002518       0x2c Output/Release/Obj/serial_pca10056/nrfx_uart.o
                0x0000000000002518                nrfx_uart_rx_enable
 .text.nrfx_uart_rx_abort
                0x0000000000002544       0x10 Output/Release/Obj/serial_pca10056/nrfx_uart.o
                0x0000000000002544                nrfx_uart_rx_abort
 .text.nrf_uarte_event_clear
                0x0000000000002554       0x10 Output/Release/Obj/serial_pca10056/nrfx_uarte.o
 .text.nrf_gpio_pin_port_decode
                0x0000000000002564       0x30 Output/Release/Obj/serial_pca10056/nrfx_uarte.o
 .text.rx_done_event.constprop.0
                0x0000000000002594       0x20 Output/Release/Obj/serial_pca10056/nrfx_uarte.o
 .text.nrfx_uarte_0_irq_handler
                0x00000000000025b4      0x118 Output/Release/Obj/serial_pca10056/nrfx_uarte.o
                0x00000000000025b4                nrfx_uarte_0_irq_handler
 .text.nrfx_uarte_init
                0x00000000000026cc      0x1ec Output/Release/Obj/serial_pca10056/nrfx_uarte.o
                0x00000000000026cc                nrfx_uarte_init
 .text.nrfx_uarte_tx_in_progress
                0x00000000000028b8       0x18 Output/Release/Obj/serial_pca10056/nrfx_uarte.o
                0x00000000000028b8                nrfx_uarte_tx_in_progress
 .text.nrfx_uarte_tx
                0x00000000000028d0       0xf0 Output/Release/Obj/serial_pca10056/nrfx_uarte.o
                0x00000000000028d0                nrfx_uarte_tx
 .text.nrfx_uarte_rx
                0x00000000000029c0      0x12c Output/Release/Obj/serial_pca10056/nrfx_uarte.o
                0x00000000000029c0                nrfx_uarte_rx
 .text.nrfx_uarte_rx_ready
                0x0000000000002aec        0xe Output/Release/Obj/serial_pca10056/nrfx_uarte.o
                0x0000000000002aec                nrfx_uarte_rx_ready
 *fill*         0x0000000000002afa        0x2 
 .text.nrfx_uarte_rx_abort
                0x0000000000002afc       0x28 Output/Release/Obj/serial_pca10056/nrfx_uarte.o
                0x0000000000002afc                nrfx_uarte_rx_abort
 .text.sleep_handler
                0x0000000000002b24        0x8 Output/Release/Obj/serial_pca10056/main.o
 .text.startup.main
                0x0000000000002b2c       0xe4 Output/Release/Obj/serial_pca10056/main.o
                0x0000000000002b2c                main
 .text.errata_98
                0x0000000000002c10       0x1a Output/Release/Obj/serial_pca10056/system_nrf52840.o
 *fill*         0x0000000000002c2a        0x2 
 .text.SystemInit
                0x0000000000002c2c      0x1bc Output/Release/Obj/serial_pca10056/system_nrf52840.o
                0x0000000000002c2c                SystemInit
 .text.libc.__int64_udivmod
                0x0000000000002de8       0xce C:/Program Files/SEGGER/SEGGER Embedded Studio for ARM 5.68/lib/libc_v7em_fpv4_sp_d16_hard_t_le_eabi.a(libc_asm.o)
                0x0000000000002de8                __aeabi_uldivmod
                0x0000000000002de8                __int64_udiv
                0x0000000000002de8                __udivdi3
                0x0000000000002de8                __int64_udivmod
 *fill*         0x0000000000002eb6        0x2 
 .text.libc.__putc
                0x0000000000002eb8       0x34 C:/Program Files/SEGGER/SEGGER Embedded Studio for ARM 5.68/lib/libc_v7em_fpv4_sp_d16_hard_t_le_eabi.a(libc2.o)
                0x0000000000002eb8                __putc
 .text.libc.__RAL_print_padding
                0x0000000000002eec       0x54 C:/Program Files/SEGGER/SEGGER Embedded Studio for ARM 5.68/lib/libc_v7em_fpv4_sp_d16_hard_t_le_eabi.a(libc2.o)
                0x0000000000002eec                __RAL_print_padding
 .text.libc.__RAL_pre_padding
                0x0000000000002f40       0x64 C:/Program Files/SEGGER/SEGGER Embedded Studio for ARM 5.68/lib/libc_v7em_fpv4_sp_d16_hard_t_le_eabi.a(libc2.o)
                0x0000000000002f40                __RAL_pre_padding
 .text.libc.printf
                0x0000000000002fa4       0x44 C:/Program Files/SEGGER/SEGGER Embedded Studio for ARM 5.68/lib/libc_v7em_fpv4_sp_d16_hard_t_le_eabi.a(libc2.o)
                0x0000000000002fa4                printf
 .text.libc.puts
                0x0000000000002fe8       0x34 C:/Program Files/SEGGER/SEGGER Embedded Studio for ARM 5.68/lib/libc_v7em_fpv4_sp_d16_hard_t_le_eabi.a(libc2.o)
                0x0000000000002fe8                puts
 .text.libc.strnlen
                0x000000000000301c       0x28 C:/Program Files/SEGGER/SEGGER Embedded Studio for ARM 5.68/lib/libc_v7em_fpv4_sp_d16_hard_t_le_eabi.a(libc2.o)
                0x000000000000301c                strnlen
 .text.libc.memcpy
                0x0000000000003044       0x52 C:/Program Files/SEGGER/SEGGER Embedded Studio for ARM 5.68/lib/libc_v7em_fpv4_sp_d16_hard_t_le_eabi.a(libc2_asm.o)
                0x0000000000003044                __aeabi_memcpy
                0x0000000000003044                memcpy
                0x0000000000003050                __aeabi_memcpy8
                0x0000000000003050                __aeabi_memcpy4
 .text.libc.strlen
                0x0000000000003096       0x60 C:/Program Files/SEGGER/SEGGER Embedded Studio for ARM 5.68/lib/libc_v7em_fpv4_sp_d16_hard_t_le_eabi.a(libc2_asm.o)
                0x0000000000003096                strlen
 *fill*         0x00000000000030f6        0x2 
 .text.libc.__vfprintf_long
                0x00000000000030f8      0x5fc C:/Program Files/SEGGER/SEGGER Embedded Studio for ARM 5.68/lib/libc_v7em_fpv4_sp_d16_hard_t_le_eabi.a(libvfprintf.o)
                0x00000000000030f8                __vfprintf_long
 .text.libc.__printf_lock
                0x00000000000036f4        0x4 C:/Program Files/SEGGER/SEGGER Embedded Studio for ARM 5.68/lib/libc_v7em_fpv4_sp_d16_hard_t_le_eabi.a(libc.o)
                0x00000000000036f4                __printf_lock
 .text.libc.__printf_unlock
                0x00000000000036f8        0x4 C:/Program Files/SEGGER/SEGGER Embedded Studio for ARM 5.68/lib/libc_v7em_fpv4_sp_d16_hard_t_le_eabi.a(libc.o)
                0x00000000000036f8                __printf_unlock
 .text.libdebugio.debug_putchar
                0x00000000000036fc       0x18 C:/Program Files/SEGGER/SEGGER Embedded Studio for ARM 5.68/lib/libdebugio_v7em_fpv4_sp_d16_hard_t_le_eabi.a(libdebugio.o)
                0x00000000000036fc                debug_putchar
 .text.libdebugio.__debug_io_lock
                0x0000000000003714        0x4 C:/Program Files/SEGGER/SEGGER Embedded Studio for ARM 5.68/lib/libdebugio_v7em_fpv4_sp_d16_hard_t_le_eabi.a(libdebugio.o)
                0x0000000000003714                __debug_io_lock
 .text.libdebugio.__debug_io_unlock
                0x0000000000003718        0x4 C:/Program Files/SEGGER/SEGGER Embedded Studio for ARM 5.68/lib/libdebugio_v7em_fpv4_sp_d16_hard_t_le_eabi.a(libdebugio.o)
                0x0000000000003718                __debug_io_unlock
 .text.libdebugio.__do_debug_operation_mempoll
                0x000000000000371c       0x2c C:/Program Files/SEGGER/SEGGER Embedded Studio for ARM 5.68/lib/libdebugio_v7em_fpv4_sp_d16_hard_t_le_eabi.a(mempoll_debug_operations.o)
                0x000000000000371c                __do_debug_operation_mempoll
                0x0000000000003748                __text_end__ = (__text_start__ + SIZEOF (.text))
                0x0000000000003378                __text_size__ = SIZEOF (.text)
                0x0000000000003748                __text_load_end__ = __text_end__

.vfp11_veneer   0x0000000100000000        0x0
 .vfp11_veneer  0x0000000100000000        0x0 linker stubs

.v4_bx          0x0000000100000000        0x0
 .v4_bx         0x0000000100000000        0x0 linker stubs

.iplt           0x0000000100000000        0x0
 .iplt          0x0000000100000000        0x0 Output/Release/Obj/serial_pca10056/thumb_crt0.o
                0x0000000000000001                . = ASSERT (((__text_start__ == __text_end__) || ((__text_end__ - __FLASH_segment_start__) <= __FLASH_segment_size__)), error: .text is too large to fit in FLASH memory segment)
                0x0000000000003748                __nrf_queue_load_start__ = ALIGN (__text_end__, 0x4)

.nrf_queue      0x0000000000003748       0x28
                0x0000000000003748                __nrf_queue_start__ = .
                0x0000000000003748                __start_nrf_queue = __nrf_queue_start__
 *(.nrf_queue*)
 .nrf_queue     0x0000000000003748       0x28 Output/Release/Obj/serial_pca10056/main.o
                0x0000000000003748                serial_queues_txq
                0x000000000000375c                serial_queues_rxq
                0x0000000000003770                __nrf_queue_end__ = (__nrf_queue_start__ + SIZEOF (.nrf_queue))
                0x0000000000000028                __nrf_queue_size__ = SIZEOF (.nrf_queue)
                0x0000000000003770                __stop_nrf_queue = __nrf_queue_end__
                0x0000000000003770                __nrf_queue_load_end__ = __nrf_queue_end__
                0x0000000000000001                . = ASSERT (((__nrf_queue_start__ == __nrf_queue_end__) || ((__nrf_queue_end__ - __FLASH_segment_start__) <= __FLASH_segment_size__)), error: .nrf_queue is too large to fit in FLASH memory segment)
                0x0000000000003770                __log_const_data_load_start__ = ALIGN (__nrf_queue_end__, 0x4)

.log_const_data
                0x0000000000003770        0x0
                0x0000000000003770                __log_const_data_start__ = .
                0x0000000000003770                __start_log_const_data = __log_const_data_start__
 *(SORT_BY_NAME(.log_const_data*))
                0x0000000000003770                __log_const_data_end__ = (__log_const_data_start__ + SIZEOF (.log_const_data))
                0x0000000000000000                __log_const_data_size__ = SIZEOF (.log_const_data)
                0x0000000000003770                __stop_log_const_data = __log_const_data_end__
                0x0000000000003770                __log_const_data_load_end__ = __log_const_data_end__
                0x0000000000000001                . = ASSERT (((__log_const_data_start__ == __log_const_data_end__) || ((__log_const_data_end__ - __FLASH_segment_start__) <= __FLASH_segment_size__)), error: .log_const_data is too large to fit in FLASH memory segment)
                0x0000000000003770                __log_backends_load_start__ = ALIGN (__log_const_data_end__, 0x4)

.log_backends   0x0000000000003770        0x0
                0x0000000000003770                __log_backends_start__ = .
                0x0000000000003770                __start_log_backends = __log_backends_start__
 *(SORT_BY_NAME(.log_backends*))
                0x0000000000003770                __log_backends_end__ = (__log_backends_start__ + SIZEOF (.log_backends))
                0x0000000000000000                __log_backends_size__ = SIZEOF (.log_backends)
                0x0000000000003770                __stop_log_backends = __log_backends_end__
                0x0000000000003770                __log_backends_load_end__ = __log_backends_end__
                0x0000000000000001                . = ASSERT (((__log_backends_start__ == __log_backends_end__) || ((__log_backends_end__ - __FLASH_segment_start__) <= __FLASH_segment_size__)), error: .log_backends is too large to fit in FLASH memory segment)
                0x0000000000003770                __nrf_balloc_load_start__ = ALIGN (__log_backends_end__, 0x4)

.nrf_balloc     0x0000000000003770        0x0
                0x0000000000003770                __nrf_balloc_start__ = .
                0x0000000000003770                __start_nrf_balloc = __nrf_balloc_start__
 *(.nrf_balloc*)
                0x0000000000003770                __nrf_balloc_end__ = (__nrf_balloc_start__ + SIZEOF (.nrf_balloc))
                0x0000000000000000                __nrf_balloc_size__ = SIZEOF (.nrf_balloc)
                0x0000000000003770                __stop_nrf_balloc = __nrf_balloc_end__
                0x0000000000003770                __nrf_balloc_load_end__ = __nrf_balloc_end__
                0x0000000000000001                . = ASSERT (((__nrf_balloc_start__ == __nrf_balloc_end__) || ((__nrf_balloc_end__ - __FLASH_segment_start__) <= __FLASH_segment_size__)), error: .nrf_balloc is too large to fit in FLASH memory segment)
                0x0000000000003770                __nrf_sections_load_start__ = ALIGN (__nrf_balloc_end__, 0x4)

.nrf_sections   0x0000000000003770        0x0
                0x0000000000003770                __nrf_sections_start__ = .
                0x0000000000003770                __start_nrf_sections = __nrf_sections_start__
 *(.nrf_sections .nrf_sections.*)
                0x0000000000003770                __nrf_sections_end__ = (__nrf_sections_start__ + SIZEOF (.nrf_sections))
                0x0000000000000000                __nrf_sections_size__ = SIZEOF (.nrf_sections)
                0x0000000000003770                __nrf_sections_load_end__ = __nrf_sections_end__
                0x0000000000000001                . = ASSERT (((__nrf_sections_start__ == __nrf_sections_end__) || ((__nrf_sections_end__ - __FLASH_segment_start__) <= __FLASH_segment_size__)), error: .nrf_sections is too large to fit in FLASH memory segment)
                0x0000000000003770                __log_dynamic_data_load_start__ = ALIGN (__nrf_sections_end__, 0x4)

.log_dynamic_data
                0x0000000020000000        0x0 load address 0x0000000000003770
                0x0000000020000000                __log_dynamic_data_start__ = .
 *(SORT_BY_NAME(.log_dynamic_data*))
                0x0000000020000000                __log_dynamic_data_end__ = (__log_dynamic_data_start__ + SIZEOF (.log_dynamic_data))
                0x0000000000000000                __log_dynamic_data_size__ = SIZEOF (.log_dynamic_data)
                0x0000000000003770                __log_dynamic_data_load_end__ = (__log_dynamic_data_load_start__ + SIZEOF (.log_dynamic_data))
                0x0000000000000001                . = ASSERT (((__log_dynamic_data_load_start__ == __log_dynamic_data_load_end__) || ((__log_dynamic_data_load_end__ - __FLASH_segment_start__) <= __FLASH_segment_size__)), error: .log_dynamic_data is too large to fit in FLASH memory segment)

.log_dynamic_data_run
                0x0000000020000000        0x0
                0x0000000020000000                __log_dynamic_data_run_start__ = .
                0x0000000020000000                __start_log_dynamic_data = __log_dynamic_data_run_start__
                0x0000000020000000                __log_dynamic_data_run_end__ = (__log_dynamic_data_run_start__ + SIZEOF (.log_dynamic_data))
                0x0000000000000000                __log_dynamic_data_run_size__ = (__log_dynamic_data_run_end__ - __log_dynamic_data_run_start__)
                0x0000000020000000                __stop_log_dynamic_data = __log_dynamic_data_run_end__
                0x0000000020000000                __log_dynamic_data_run_load_end__ = __log_dynamic_data_run_end__
                0x0000000000000001                . = ASSERT (((__log_dynamic_data_run_start__ == __log_dynamic_data_run_end__) || ((__log_dynamic_data_run_end__ - __RAM_segment_start__) <= __RAM_segment_size__)), error: .log_dynamic_data_run is too large to fit in RAM memory segment)
                0x0000000000003770                __log_filter_data_load_start__ = ALIGN ((__log_dynamic_data_load_start__ + SIZEOF (.log_dynamic_data)), 0x4)

.log_filter_data
                0x0000000020000000        0x0 load address 0x0000000000003770
                0x0000000020000000                __log_filter_data_start__ = .
 *(SORT_BY_NAME(.log_filter_data*))
                0x0000000020000000                __log_filter_data_end__ = (__log_filter_data_start__ + SIZEOF (.log_filter_data))
                0x0000000000000000                __log_filter_data_size__ = SIZEOF (.log_filter_data)
                0x0000000000003770                __log_filter_data_load_end__ = (__log_filter_data_load_start__ + SIZEOF (.log_filter_data))
                0x0000000000000001                . = ASSERT (((__log_filter_data_load_start__ == __log_filter_data_load_end__) || ((__log_filter_data_load_end__ - __FLASH_segment_start__) <= __FLASH_segment_size__)), error: .log_filter_data is too large to fit in FLASH memory segment)

.log_filter_data_run
                0x0000000020000000        0x0
                0x0000000020000000                __log_filter_data_run_start__ = .
                0x0000000020000000                __start_log_filter_data = __log_filter_data_run_start__
                0x0000000020000000                __log_filter_data_run_end__ = (__log_filter_data_run_start__ + SIZEOF (.log_filter_data))
                0x0000000000000000                __log_filter_data_run_size__ = (__log_filter_data_run_end__ - __log_filter_data_run_start__)
                0x0000000020000000                __stop_log_filter_data = __log_filter_data_run_end__
                0x0000000020000000                __log_filter_data_run_load_end__ = __log_filter_data_run_end__
                0x0000000000000001                . = ASSERT (((__log_filter_data_run_start__ == __log_filter_data_run_end__) || ((__log_filter_data_run_end__ - __RAM_segment_start__) <= __RAM_segment_size__)), error: .log_filter_data_run is too large to fit in RAM memory segment)
                0x0000000020000000                __nrf_sections_run_end_load_start__ = ALIGN (__log_filter_data_run_end__, 0x4)

.nrf_sections_run_end
                0x0000000020000000        0x0
                0x0000000020000000                __nrf_sections_run_end_start__ = .
                0x0000000020000000                __end_nrf_sections_run = __nrf_sections_run_end_start__
 *(.nrf_sections_run_end .nrf_sections_run_end.*)
                0x0000000020000000                __nrf_sections_run_end_end__ = (__nrf_sections_run_end_start__ + SIZEOF (.nrf_sections_run_end))
                0x0000000000000000                __nrf_sections_run_end_size__ = SIZEOF (.nrf_sections_run_end)
                0x0000000020000000                __nrf_sections_run_end_load_end__ = __nrf_sections_run_end_end__
                0x0000000000000001                . = ASSERT (((__nrf_sections_run_end_start__ == __nrf_sections_run_end_end__) || ((__nrf_sections_run_end_end__ - __RAM_segment_start__) <= __RAM_segment_size__)), error: .nrf_sections_run_end is too large to fit in RAM memory segment)
                0x0000000000003770                __dtors_load_start__ = ALIGN ((__log_filter_data_load_start__ + SIZEOF (.log_filter_data)), 0x4)

.dtors          0x0000000000003770        0x0
                0x0000000000003770                __dtors_start__ = .
 *(SORT_BY_NAME(.dtors.*))
 *(.dtors)
 *(.fini_array)
 *(SORT_BY_NAME(.fini_array.*))
                0x0000000000003770                __dtors_end__ = (__dtors_start__ + SIZEOF (.dtors))
                0x0000000000000000                __dtors_size__ = SIZEOF (.dtors)
                0x0000000000003770                __dtors_load_end__ = __dtors_end__
                0x0000000000000001                . = ASSERT (((__dtors_start__ == __dtors_end__) || ((__dtors_end__ - __FLASH_segment_start__) <= __FLASH_segment_size__)), error: .dtors is too large to fit in FLASH memory segment)
                0x0000000000003770                __ctors_load_start__ = ALIGN (__dtors_end__, 0x4)

.ctors          0x0000000000003770        0x0
                0x0000000000003770                __ctors_start__ = .
 *(SORT_BY_NAME(.ctors.*))
 *(.ctors)
 *(.init_array)
 *(SORT_BY_NAME(.init_array.*))
                0x0000000000003770                __ctors_end__ = (__ctors_start__ + SIZEOF (.ctors))
                0x0000000000000000                __ctors_size__ = SIZEOF (.ctors)
                0x0000000000003770                __ctors_load_end__ = __ctors_end__
                0x0000000000000001                . = ASSERT (((__ctors_start__ == __ctors_end__) || ((__ctors_end__ - __FLASH_segment_start__) <= __FLASH_segment_size__)), error: .ctors is too large to fit in FLASH memory segment)
                0x0000000000003770                __rodata_load_start__ = ALIGN (__ctors_end__, 0x4)

.rodata         0x0000000000003770      0xb57
                0x0000000000003770                __rodata_start__ = .
 *(.rodata .rodata.* .gnu.linkonce.r.*)
 .rodata.nrf_gpio_pin_port_decode.str1.1
                0x0000000000003770       0x2e Output/Release/Obj/serial_pca10056/boards.o
 .rodata.bsp_board_led_state_get.str1.1
                0x000000000000379e       0x97 Output/Release/Obj/serial_pca10056/boards.o
 .rodata.m_board_btn_list
                0x0000000000003835        0x4 Output/Release/Obj/serial_pca10056/boards.o
 .rodata.m_board_led_list
                0x0000000000003839        0x4 Output/Release/Obj/serial_pca10056/boards.o
 .rodata.timer_expire.str1.1
                0x000000000000383d       0xa4 Output/Release/Obj/serial_pca10056/app_timer2.o
 *fill*         0x00000000000038e1        0x1 
 .rodata        0x00000000000038e2        0x4 Output/Release/Obj/serial_pca10056/app_timer2.o
 *fill*         0x00000000000038e6        0x2 
 .rodata.m_app_timer_sortlist
                0x00000000000038e8        0xc Output/Release/Obj/serial_pca10056/app_timer2.o
 .rodata.app_util_critical_region_enter.str1.1
                0x00000000000038f4       0xaa Output/Release/Obj/serial_pca10056/app_util_platform.o
 .rodata.evt_disable.str1.1
                0x000000000000399e       0xa1 Output/Release/Obj/serial_pca10056/drv_rtc.o
 .rodata.drv_rtc_init.str1.1
                0x0000000000003a3f       0x5c Output/Release/Obj/serial_pca10056/drv_rtc.o
 *fill*         0x0000000000003a9b        0x5 
 .rodata.delay_machine_code.0
                0x0000000000003aa0        0x6 Output/Release/Obj/serial_pca10056/drv_rtc.o
 .rodata.nrf_queue_next_idx.str1.1
                0x0000000000003aa6       0xa3 Output/Release/Obj/serial_pca10056/nrf_queue.o
 .rodata.nrf_mtx_unlock.str1.1
                0x0000000000003b49       0x37 Output/Release/Obj/serial_pca10056/nrf_serial.o
 .rodata.uart_event_handler.str1.1
                0x0000000000003b80       0xa5 Output/Release/Obj/serial_pca10056/nrf_serial.o
 .rodata.nrf_serial_init.str1.1
                0x0000000000003c25       0x39 Output/Release/Obj/serial_pca10056/nrf_serial.o
 .rodata.nrf_sortlist_add.str1.1
                0x0000000000003c5e       0xa9 Output/Release/Obj/serial_pca10056/nrf_sortlist.o
 .rodata.nrf_drv_clock_uninit.str1.1
                0x0000000000003d07       0xa4 Output/Release/Obj/serial_pca10056/nrf_drv_clock.o
 .rodata.m_drv_power_config_default
                0x0000000000003dab        0x1 Output/Release/Obj/serial_pca10056/nrf_drv_power.o
 .rodata.nrf_drv_uart_init.str1.1
                0x0000000000003dac       0xa3 Output/Release/Obj/serial_pca10056/nrf_drv_uart.o
 .rodata.nrfx_clock_init.str1.1
                0x0000000000003e4f       0xa2 Output/Release/Obj/serial_pca10056/nrfx_clock.o
 .rodata.nrf_gpio_pin_port_decode.str1.1
                0x0000000000003ef1       0x2e Output/Release/Obj/serial_pca10056/nrfx_gpiote.o
 .rodata.nrfx_power_init.str1.1
                0x0000000000003ef1       0xa2 Output/Release/Obj/serial_pca10056/nrfx_power.o
 .rodata.UARTE0_UART0_IRQHandler.str1.1
                0x0000000000003f93       0xa4 Output/Release/Obj/serial_pca10056/nrfx_prs.o
 .rodata.nrf_gpio_pin_port_decode.str1.1
                0x0000000000004037       0x2e Output/Release/Obj/serial_pca10056/nrfx_uart.o
 .rodata.nrfx_uart_init.str1.1
                0x0000000000004037       0xa1 Output/Release/Obj/serial_pca10056/nrfx_uart.o
                                         0xd0 (size before relaxing)
 .rodata.nrf_gpio_pin_port_decode.str1.1
                0x00000000000040d8       0x2e Output/Release/Obj/serial_pca10056/nrfx_uarte.o
 .rodata.nrfx_uarte_init.str1.1
                0x00000000000040d8       0xa2 Output/Release/Obj/serial_pca10056/nrfx_uarte.o
                                         0xd1 (size before relaxing)
 .rodata.main.str1.1
                0x000000000000417a       0xb5 Output/Release/Obj/serial_pca10056/main.o
 *fill*         0x000000000000422f        0x1 
 .rodata.m_uart0_drv_config
                0x0000000000004230       0x20 Output/Release/Obj/serial_pca10056/main.o
 .rodata.serial_buffs
                0x0000000000004250        0xc Output/Release/Obj/serial_pca10056/main.o
 .rodata.serial_config
                0x000000000000425c       0x14 Output/Release/Obj/serial_pca10056/main.o
 .rodata.serial_queues
                0x0000000000004270        0x8 Output/Release/Obj/serial_pca10056/main.o
 .rodata.serial_uart
                0x0000000000004278       0x20 Output/Release/Obj/serial_pca10056/main.o
 .rodata.serial_uart_rx_timer
                0x0000000000004298        0x4 Output/Release/Obj/serial_pca10056/main.o
 .rodata.serial_uart_tx_timer
                0x000000000000429c        0x4 Output/Release/Obj/serial_pca10056/main.o
 .rodata.libc.__RAL_hex_lc
                0x00000000000042a0       0x10 C:/Program Files/SEGGER/SEGGER Embedded Studio for ARM 5.68/lib/libc_v7em_fpv4_sp_d16_hard_t_le_eabi.a(libc2.o)
                0x00000000000042a0                __RAL_hex_lc
 .rodata.libc.__RAL_hex_uc
                0x00000000000042b0       0x10 C:/Program Files/SEGGER/SEGGER Embedded Studio for ARM 5.68/lib/libc_v7em_fpv4_sp_d16_hard_t_le_eabi.a(libc2.o)
                0x00000000000042b0                __RAL_hex_uc
 .rodata.libc.__vfprintf_int.str1.4
                0x00000000000042c0        0x7 C:/Program Files/SEGGER/SEGGER Embedded Studio for ARM 5.68/lib/libc_v7em_fpv4_sp_d16_hard_t_le_eabi.a(libvfprintf.o)
                0x00000000000042c7                __rodata_end__ = (__rodata_start__ + SIZEOF (.rodata))
                0x0000000000000b57                __rodata_size__ = SIZEOF (.rodata)
                0x00000000000042c7                __rodata_load_end__ = __rodata_end__

.rel.dyn        0x00000000000042c8        0x0
 .rel.iplt      0x00000000000042c8        0x0 Output/Release/Obj/serial_pca10056/thumb_crt0.o
                0x0000000000000001                . = ASSERT (((__rodata_start__ == __rodata_end__) || ((__rodata_end__ - __FLASH_segment_start__) <= __FLASH_segment_size__)), error: .rodata is too large to fit in FLASH memory segment)
                0x00000000000042c8                __ARM.exidx_load_start__ = ALIGN (__rodata_end__, 0x4)

.ARM.exidx      0x00000000000042c8        0x0
                0x00000000000042c8                __ARM.exidx_start__ = .
                0x00000000000042c8                __exidx_start = __ARM.exidx_start__
 *(.ARM.exidx .ARM.exidx.*)
                0x00000000000042c8                __ARM.exidx_end__ = (__ARM.exidx_start__ + SIZEOF (.ARM.exidx))
                0x0000000000000000                __ARM.exidx_size__ = SIZEOF (.ARM.exidx)
                0x00000000000042c8                __exidx_end = __ARM.exidx_end__
                0x00000000000042c8                __ARM.exidx_load_end__ = __ARM.exidx_end__
                0x0000000000000001                . = ASSERT (((__ARM.exidx_start__ == __ARM.exidx_end__) || ((__ARM.exidx_end__ - __FLASH_segment_start__) <= __FLASH_segment_size__)), error: .ARM.exidx is too large to fit in FLASH memory segment)
                0x00000000000042c8                __fast_load_start__ = ALIGN (__ARM.exidx_end__, 0x4)

.fast           0x0000000020000000        0x0 load address 0x00000000000042c8
                0x0000000020000000                __fast_start__ = .
 *(.fast .fast.*)
                0x0000000020000000                __fast_end__ = (__fast_start__ + SIZEOF (.fast))
                0x0000000000000000                __fast_size__ = SIZEOF (.fast)
                0x00000000000042c8                __fast_load_end__ = (__fast_load_start__ + SIZEOF (.fast))
                0x0000000000000001                . = ASSERT (((__fast_load_start__ == __fast_load_end__) || ((__fast_load_end__ - __FLASH_segment_start__) <= __FLASH_segment_size__)), error: .fast is too large to fit in FLASH memory segment)

.fast_run       0x0000000020000000        0x0
                0x0000000020000000                __fast_run_start__ = .
                0x0000000020000000                __fast_run_end__ = (__fast_run_start__ + SIZEOF (.fast))
                0x0000000000000000                __fast_run_size__ = (__fast_run_end__ - __fast_run_start__)
                0x0000000020000000                __fast_run_load_end__ = __fast_run_end__
                0x0000000000000001                . = ASSERT (((__fast_run_start__ == __fast_run_end__) || ((__fast_run_end__ - __RAM_segment_start__) <= __RAM_segment_size__)), error: .fast_run is too large to fit in RAM memory segment)
                0x00000000000042c8                __data_load_start__ = ALIGN ((__fast_load_start__ + SIZEOF (.fast)), 0x4)

.data           0x0000000020000000       0x20 load address 0x00000000000042c8
                0x0000000020000000                __data_start__ = .
 *(.data .data.* .gnu.linkonce.d.*)
 .data.m_rtc_inst
                0x0000000020000000        0x8 Output/Release/Obj/serial_pca10056/app_timer2.o
 .data.tx_message.0
                0x0000000020000008       0x14 Output/Release/Obj/serial_pca10056/main.o
 .data.SystemCoreClock
                0x000000002000001c        0x4 Output/Release/Obj/serial_pca10056/system_nrf52840.o
                0x000000002000001c                SystemCoreClock
                0x0000000020000020                __data_end__ = (__data_start__ + SIZEOF (.data))
                0x0000000000000020                __data_size__ = SIZEOF (.data)
                0x00000000000042e8                __data_load_end__ = (__data_load_start__ + SIZEOF (.data))

.igot.plt       0x0000000100000000        0x0
 .igot.plt      0x0000000100000000        0x0 Output/Release/Obj/serial_pca10056/thumb_crt0.o
                0x0000000000000001                . = ASSERT (((__data_load_start__ == __data_load_end__) || ((__data_load_end__ - __FLASH_segment_start__) <= __FLASH_segment_size__)), error: .data is too large to fit in FLASH memory segment)

.data_run       0x0000000020000000        0x0
                0x0000000020000000                __data_run_start__ = .
                0x0000000020000020                __data_run_end__ = (__data_run_start__ + SIZEOF (.data))
                0x0000000000000020                __data_run_size__ = (__data_run_end__ - __data_run_start__)
                0x0000000020000020                __data_run_load_end__ = __data_run_end__
                0x0000000000000001                . = ASSERT (((__data_run_start__ == __data_run_end__) || ((__data_run_end__ - __RAM_segment_start__) <= __RAM_segment_size__)), error: .data_run is too large to fit in RAM memory segment)
                0x00000000000042e8                __tdata_load_start__ = ALIGN ((__data_load_start__ + SIZEOF (.data)), 0x4)

.tdata          0x0000000020000020        0x0 load address 0x00000000000042e8
                0x0000000020000020                __tdata_start__ = .
 *(.tdata .tdata.*)
                0x0000000020000020                __tdata_end__ = (__tdata_start__ + SIZEOF (.tdata))
                0x0000000000000000                __tdata_size__ = SIZEOF (.tdata)
                0x00000000000042e8                __tdata_load_end__ = (__tdata_load_start__ + SIZEOF (.tdata))
                0x00000000000042e8                __FLASH_segment_used_end__ = (ALIGN ((__data_load_start__ + SIZEOF (.data)), 0x4) + SIZEOF (.tdata))
                0x00000000000042e8                __FLASH_segment_used_size__ = (__FLASH_segment_used_end__ - __FLASH_segment_start__)
                0x0000000000000001                . = ASSERT (((__tdata_load_start__ == __tdata_load_end__) || ((__tdata_load_end__ - __FLASH_segment_start__) <= __FLASH_segment_size__)), error: .tdata is too large to fit in FLASH memory segment)

.tdata_run      0x0000000020000020        0x0
                0x0000000020000020                __tdata_run_start__ = .
                0x0000000020000020                __tdata_run_end__ = (__tdata_run_start__ + SIZEOF (.tdata))
                0x0000000000000000                __tdata_run_size__ = (__tdata_run_end__ - __tdata_run_start__)
                0x0000000020000020                __tdata_run_load_end__ = __tdata_run_end__
                0x0000000000000001                . = ASSERT (((__tdata_run_start__ == __tdata_run_end__) || ((__tdata_run_end__ - __RAM_segment_start__) <= __RAM_segment_size__)), error: .tdata_run is too large to fit in RAM memory segment)
                0x0000000020000020                __bss_load_start__ = ALIGN (__tdata_run_end__, 0x4)

.bss            0x0000000020000020      0x284
                0x0000000020000020                __bss_start__ = .
 *(.bss .bss.* .gnu.linkonce.b.*)
 .bss.m_error_data.0
                0x0000000020000020       0x20 Output/Release/Obj/serial_pca10056/app_error.o
 .bss.m_app_timer_sortlist_sortlist_cb
                0x0000000020000040        0x4 Output/Release/Obj/serial_pca10056/app_timer2.o
 *fill*         0x0000000020000044        0x4 
 .bss.m_base_counter
                0x0000000020000048        0x8 Output/Release/Obj/serial_pca10056/app_timer2.o
 .bss.m_global_active
                0x0000000020000050        0x1 Output/Release/Obj/serial_pca10056/app_timer2.o
 *fill*         0x0000000020000051        0x3 
 .bss.m_req_fifo_data
                0x0000000020000054       0x58 Output/Release/Obj/serial_pca10056/app_timer2.o
 .bss.m_req_fifo_inst
                0x00000000200000ac       0x10 Output/Release/Obj/serial_pca10056/app_timer2.o
 *fill*         0x00000000200000bc        0x4 
 .bss.m_stamp64
                0x00000000200000c0        0x8 Output/Release/Obj/serial_pca10056/app_timer2.o
 .bss.mp_active_timer
                0x00000000200000c8        0x4 Output/Release/Obj/serial_pca10056/app_timer2.o
 .bss.m_in_critical_region
                0x00000000200000cc        0x4 Output/Release/Obj/serial_pca10056/app_util_platform.o
 .bss.m_cb      0x00000000200000d0        0x8 Output/Release/Obj/serial_pca10056/drv_rtc.o
 .bss.m_handlers
                0x00000000200000d8        0x4 Output/Release/Obj/serial_pca10056/drv_rtc.o
 .bss.m_clock_cb
                0x00000000200000dc       0x14 Output/Release/Obj/serial_pca10056/nrf_drv_clock.o
 .bss.m_initialized
                0x00000000200000f0        0x1 Output/Release/Obj/serial_pca10056/nrf_drv_power.o
 *fill*         0x00000000200000f1        0x3 
 .bss.m_contexts
                0x00000000200000f4        0x8 Output/Release/Obj/serial_pca10056/nrf_drv_uart.o
 .bss.m_handlers
                0x00000000200000fc        0x8 Output/Release/Obj/serial_pca10056/nrf_drv_uart.o
 .bss.nrf_drv_uart_use_easy_dma
                0x0000000020000104        0x2 Output/Release/Obj/serial_pca10056/nrf_drv_uart.o
                0x0000000020000104                nrf_drv_uart_use_easy_dma
 *fill*         0x0000000020000106        0x2 
 .bss.m_clock_cb
                0x0000000020000108        0x8 Output/Release/Obj/serial_pca10056/nrfx_clock.o
 .bss.nrfx_clock_irq_enabled
                0x0000000020000110        0x1 Output/Release/Obj/serial_pca10056/nrfx_clock.o
                0x0000000020000110                nrfx_clock_irq_enabled
 *fill*         0x0000000020000111        0x3 
 .bss.m_cb      0x0000000020000114       0x6c Output/Release/Obj/serial_pca10056/nrfx_gpiote.o
 .bss.m_pofwarn_handler
                0x0000000020000180        0x4 Output/Release/Obj/serial_pca10056/nrfx_power.o
 .bss.m_sleepevt_handler
                0x0000000020000184        0x4 Output/Release/Obj/serial_pca10056/nrfx_power.o
 .bss.m_usbevt_handler
                0x0000000020000188        0x4 Output/Release/Obj/serial_pca10056/nrfx_power.o
 .bss.nrfx_power_irq_enabled
                0x000000002000018c        0x1 Output/Release/Obj/serial_pca10056/nrfx_power.o
                0x000000002000018c                nrfx_power_irq_enabled
 *fill*         0x000000002000018d        0x3 
 .bss.m_prs_box_4
                0x0000000020000190        0x8 Output/Release/Obj/serial_pca10056/nrfx_prs.o
 .bss.m_cb      0x0000000020000198       0x2c Output/Release/Obj/serial_pca10056/nrfx_uart.o
 .bss.m_cb      0x00000000200001c4       0x24 Output/Release/Obj/serial_pca10056/nrfx_uarte.o
 .bss.serial_buffs_rxb
                0x00000000200001e8        0x1 Output/Release/Obj/serial_pca10056/main.o
 .bss.serial_buffs_txb
                0x00000000200001e9        0x1 Output/Release/Obj/serial_pca10056/main.o
 .bss.serial_queues_rxq_nrf_queue_buffer
                0x00000000200001ea       0x21 Output/Release/Obj/serial_pca10056/main.o
 *fill*         0x000000002000020b        0x1 
 .bss.serial_queues_rxq_nrf_queue_cb
                0x000000002000020c        0xc Output/Release/Obj/serial_pca10056/main.o
 .bss.serial_queues_txq_nrf_queue_buffer
                0x0000000020000218       0x21 Output/Release/Obj/serial_pca10056/main.o
 *fill*         0x0000000020000239        0x3 
 .bss.serial_queues_txq_nrf_queue_cb
                0x000000002000023c        0xc Output/Release/Obj/serial_pca10056/main.o
 .bss.serial_uart_ctx
                0x0000000020000248       0x10 Output/Release/Obj/serial_pca10056/main.o
 .bss.serial_uart_rx_timer_data
                0x0000000020000258       0x20 Output/Release/Obj/serial_pca10056/main.o
 .bss.serial_uart_tx_timer_data
                0x0000000020000278       0x20 Output/Release/Obj/serial_pca10056/main.o
 .bss.libc.__user_format_extender
                0x0000000020000298        0x4 C:/Program Files/SEGGER/SEGGER Embedded Studio for ARM 5.68/lib/libc_v7em_fpv4_sp_d16_hard_t_le_eabi.a(libc2.o)
                0x0000000020000298                __user_format_extender
 .bss.libdebugio.dbgCntrlWord_mempoll
                0x000000002000029c        0x4 C:/Program Files/SEGGER/SEGGER Embedded Studio for ARM 5.68/lib/libdebugio_v7em_fpv4_sp_d16_hard_t_le_eabi.a(mempoll_debug_operations.o)
                0x000000002000029c                dbgCntrlWord_mempoll
 .bss.libdebugio.dbgCommWord
                0x00000000200002a0        0x4 C:/Program Files/SEGGER/SEGGER Embedded Studio for ARM 5.68/lib/libdebugio_v7em_fpv4_sp_d16_hard_t_le_eabi.a(mempoll_debug_operations.o)
                0x00000000200002a0                dbgCommWord
 *(COMMON)
                0x00000000200002a4                __bss_end__ = (__bss_start__ + SIZEOF (.bss))
                0x0000000000000284                __bss_size__ = SIZEOF (.bss)
                0x00000000200002a4                __bss_load_end__ = __bss_end__
                0x0000000000000001                . = ASSERT (((__bss_start__ == __bss_end__) || ((__bss_end__ - __RAM_segment_start__) <= __RAM_segment_size__)), error: .bss is too large to fit in RAM memory segment)
                0x00000000200002a4                __tbss_load_start__ = ALIGN (__bss_end__, 0x4)

.tbss           0x00000000200002a4        0x0
                0x00000000200002a4                __tbss_start__ = .
 *(.tbss .tbss.*)
                0x00000000200002a4                __tbss_end__ = (__tbss_start__ + SIZEOF (.tbss))
                0x0000000000000000                __tbss_size__ = SIZEOF (.tbss)
                0x00000000200002a4                __tbss_load_end__ = __tbss_end__
                0x0000000000000001                . = ASSERT (((__tbss_start__ == __tbss_end__) || ((__tbss_end__ - __RAM_segment_start__) <= __RAM_segment_size__)), error: .tbss is too large to fit in RAM memory segment)
                0x00000000200002a4                __non_init_load_start__ = ALIGN (__tbss_end__, 0x4)

.non_init       0x00000000200002a4        0x0
                0x00000000200002a4                __non_init_start__ = .
 *(.non_init .non_init.*)
                0x00000000200002a4                __non_init_end__ = (__non_init_start__ + SIZEOF (.non_init))
                0x0000000000000000                __non_init_size__ = SIZEOF (.non_init)
                0x00000000200002a4                __non_init_load_end__ = __non_init_end__
                0x0000000000000001                . = ASSERT (((__non_init_start__ == __non_init_end__) || ((__non_init_end__ - __RAM_segment_start__) <= __RAM_segment_size__)), error: .non_init is too large to fit in RAM memory segment)
                0x00000000200002a4                __heap_load_start__ = ALIGN (__non_init_end__, 0x4)

.heap           0x00000000200002a4     0x2000
                0x00000000200002a4                __heap_start__ = .
 *(.heap .heap.*)
                0x00000000200022a4                . = ALIGN (MAX ((__heap_start__ + __HEAPSIZE__), .), 0x4)
 *fill*         0x00000000200002a4     0x2000 
                0x00000000200022a4                __heap_end__ = (__heap_start__ + SIZEOF (.heap))
                0x0000000000002000                __heap_size__ = SIZEOF (.heap)
                0x00000000200022a4                __heap_load_end__ = __heap_end__
                0x0000000000000001                . = ASSERT (((__heap_start__ == __heap_end__) || ((__heap_end__ - __RAM_segment_start__) <= __RAM_segment_size__)), error: .heap is too large to fit in RAM memory segment)
                0x000000002003e000                __stack_load_start__ = (__RAM_segment_start__ + (__RAM_segment_size__ - 0x2000))

.stack          0x000000002003e000     0x2000
                0x000000002003e000                __stack_start__ = .
                0x000000002003e000                __StackLimit = __stack_start__
 *(.stack .stack.*)
                0x0000000020040000                . = ALIGN (MAX ((__stack_start__ + __STACKSIZE__), .), 0x8)
 *fill*         0x000000002003e000     0x2000 
                0x0000000020040000                __stack_end__ = (__stack_start__ + SIZEOF (.stack))
                0x0000000000002000                __stack_size__ = SIZEOF (.stack)
                0x0000000020040000                __StackTop = __stack_end__
                0x0000000020040000                __stack_load_end__ = __stack_end__
                0x0000000000000001                . = ASSERT (((__stack_start__ == __stack_end__) || ((__stack_end__ - __RAM_segment_start__) <= __RAM_segment_size__)), error: .stack is too large to fit in RAM memory segment)
                0x0000000000000001                . = ASSERT ((__heap_end__ <= __stack_start__), error: section .heap overlaps absolute placed section .stack)
                0x0000000020040000                __stack_process_load_start__ = ALIGN (__stack_end__, 0x8)

.stack_process  0x0000000020040000        0x0
                0x0000000020040000                __stack_process_start__ = .
 *(.stack_process .stack_process.*)
                0x0000000020040000                . = ALIGN (MAX ((__stack_process_start__ + __STACKSIZE_PROCESS__), .), 0x8)
                0x0000000020040000                __stack_process_end__ = (__stack_process_start__ + SIZEOF (.stack_process))
                0x0000000000000000                __stack_process_size__ = SIZEOF (.stack_process)
                0x0000000020040000                __stack_process_load_end__ = __stack_process_end__
                0x0000000020040000                __RAM_segment_used_end__ = (ALIGN (__stack_end__, 0x8) + SIZEOF (.stack_process))
                0x0000000000040000                __RAM_segment_used_size__ = (__RAM_segment_used_end__ - __RAM_segment_start__)
                0x0000000000000001                . = ASSERT (((__stack_process_start__ == __stack_process_end__) || ((__stack_process_end__ - __RAM_segment_start__) <= __RAM_segment_size__)), error: .stack_process is too large to fit in RAM memory segment)
START GROUP
LOAD Output/Release/Obj/serial_pca10056/thumb_crt0.o
LOAD Output/Release/Obj/serial_pca10056/nrf_log_frontend.o
LOAD Output/Release/Obj/serial_pca10056/nrf_log_str_formatter.o
LOAD Output/Release/Obj/serial_pca10056/boards.o
LOAD Output/Release/Obj/serial_pca10056/app_button.o
LOAD Output/Release/Obj/serial_pca10056/app_error.o
LOAD Output/Release/Obj/serial_pca10056/app_error_handler_gcc.o
LOAD Output/Release/Obj/serial_pca10056/app_error_weak.o
LOAD Output/Release/Obj/serial_pca10056/app_scheduler.o
LOAD Output/Release/Obj/serial_pca10056/app_timer2.o
LOAD Output/Release/Obj/serial_pca10056/app_util_platform.o
LOAD Output/Release/Obj/serial_pca10056/drv_rtc.o
LOAD Output/Release/Obj/serial_pca10056/hardfault_handler_gcc.o
LOAD Output/Release/Obj/serial_pca10056/hardfault_implementation.o
LOAD Output/Release/Obj/serial_pca10056/nrf_assert.o
LOAD Output/Release/Obj/serial_pca10056/nrf_atfifo.o
LOAD Output/Release/Obj/serial_pca10056/nrf_atomic.o
LOAD Output/Release/Obj/serial_pca10056/nrf_balloc.o
LOAD Output/Release/Obj/serial_pca10056/nrf_fprintf.o
LOAD Output/Release/Obj/serial_pca10056/nrf_fprintf_format.o
LOAD Output/Release/Obj/serial_pca10056/nrf_memobj.o
LOAD Output/Release/Obj/serial_pca10056/nrf_queue.o
LOAD Output/Release/Obj/serial_pca10056/nrf_ringbuf.o
LOAD Output/Release/Obj/serial_pca10056/nrf_serial.o
LOAD Output/Release/Obj/serial_pca10056/nrf_sortlist.o
LOAD Output/Release/Obj/serial_pca10056/nrf_strerror.o
LOAD Output/Release/Obj/serial_pca10056/nrf_drv_clock.o
LOAD Output/Release/Obj/serial_pca10056/nrf_drv_power.o
LOAD Output/Release/Obj/serial_pca10056/nrf_drv_uart.o
LOAD Output/Release/Obj/serial_pca10056/nrf_nvic.o
LOAD Output/Release/Obj/serial_pca10056/nrf_soc.o
LOAD Output/Release/Obj/serial_pca10056/nrfx_atomic.o
LOAD Output/Release/Obj/serial_pca10056/nrfx_clock.o
LOAD Output/Release/Obj/serial_pca10056/nrfx_gpiote.o
LOAD Output/Release/Obj/serial_pca10056/nrfx_power.o
LOAD Output/Release/Obj/serial_pca10056/nrfx_prs.o
LOAD Output/Release/Obj/serial_pca10056/nrfx_uart.o
LOAD Output/Release/Obj/serial_pca10056/nrfx_uarte.o
LOAD Output/Release/Obj/serial_pca10056/bsp.o
LOAD Output/Release/Obj/serial_pca10056/main.o
LOAD Output/Release/Obj/serial_pca10056/ses_startup_nrf52840.o
LOAD Output/Release/Obj/serial_pca10056/ses_startup_nrf_common.o
LOAD Output/Release/Obj/serial_pca10056/system_nrf52840.o
LOAD C:/Program Files/SEGGER/SEGGER Embedded Studio for ARM 5.68/lib/libm_v7em_fpv4_sp_d16_hard_t_le_eabi.a
LOAD C:/Program Files/SEGGER/SEGGER Embedded Studio for ARM 5.68/lib/libc_v7em_fpv4_sp_d16_hard_t_le_eabi.a
LOAD C:/Program Files/SEGGER/SEGGER Embedded Studio for ARM 5.68/lib/libdebugio_v7em_fpv4_sp_d16_hard_t_le_eabi.a
END GROUP
OUTPUT(Output/Release/Exe/serial_pca10056.elf elf32-littlearm)
LOAD linker stubs

.ARM.attributes
                0x0000000000000000       0x32
 .ARM.attributes
                0x0000000000000000       0x20 Output/Release/Obj/serial_pca10056/thumb_crt0.o
 .ARM.attributes
                0x0000000000000020       0x36 Output/Release/Obj/serial_pca10056/boards.o
 .ARM.attributes
                0x0000000000000056       0x36 Output/Release/Obj/serial_pca10056/app_error.o
 .ARM.attributes
                0x000000000000008c       0x36 Output/Release/Obj/serial_pca10056/app_error_handler_gcc.o
 .ARM.attributes
                0x00000000000000c2       0x36 Output/Release/Obj/serial_pca10056/app_error_weak.o
 .ARM.attributes
                0x00000000000000f8       0x36 Output/Release/Obj/serial_pca10056/app_timer2.o
 .ARM.attributes
                0x000000000000012e       0x36 Output/Release/Obj/serial_pca10056/app_util_platform.o
 .ARM.attributes
                0x0000000000000164       0x36 Output/Release/Obj/serial_pca10056/drv_rtc.o
 .ARM.attributes
                0x000000000000019a       0x36 Output/Release/Obj/serial_pca10056/hardfault_handler_gcc.o
 .ARM.attributes
                0x00000000000001d0       0x36 Output/Release/Obj/serial_pca10056/hardfault_implementation.o
 .ARM.attributes
                0x0000000000000206       0x36 Output/Release/Obj/serial_pca10056/nrf_assert.o
 .ARM.attributes
                0x000000000000023c       0x36 Output/Release/Obj/serial_pca10056/nrf_atfifo.o
 .ARM.attributes
                0x0000000000000272       0x36 Output/Release/Obj/serial_pca10056/nrf_atomic.o
 .ARM.attributes
                0x00000000000002a8       0x36 Output/Release/Obj/serial_pca10056/nrf_queue.o
 .ARM.attributes
                0x00000000000002de       0x36 Output/Release/Obj/serial_pca10056/nrf_serial.o
 .ARM.attributes
                0x0000000000000314       0x36 Output/Release/Obj/serial_pca10056/nrf_sortlist.o
 .ARM.attributes
                0x000000000000034a       0x36 Output/Release/Obj/serial_pca10056/nrf_drv_clock.o
 .ARM.attributes
                0x0000000000000380       0x36 Output/Release/Obj/serial_pca10056/nrf_drv_power.o
 .ARM.attributes
                0x00000000000003b6       0x36 Output/Release/Obj/serial_pca10056/nrf_drv_uart.o
 .ARM.attributes
                0x00000000000003ec       0x36 Output/Release/Obj/serial_pca10056/nrfx_clock.o
 .ARM.attributes
                0x0000000000000422       0x36 Output/Release/Obj/serial_pca10056/nrfx_gpiote.o
 .ARM.attributes
                0x0000000000000458       0x36 Output/Release/Obj/serial_pca10056/nrfx_power.o
 .ARM.attributes
                0x000000000000048e       0x36 Output/Release/Obj/serial_pca10056/nrfx_prs.o
 .ARM.attributes
                0x00000000000004c4       0x36 Output/Release/Obj/serial_pca10056/nrfx_uart.o
 .ARM.attributes
                0x00000000000004fa       0x36 Output/Release/Obj/serial_pca10056/nrfx_uarte.o
 .ARM.attributes
                0x0000000000000530       0x36 Output/Release/Obj/serial_pca10056/main.o
 .ARM.attributes
                0x0000000000000566       0x20 Output/Release/Obj/serial_pca10056/ses_startup_nrf52840.o
 .ARM.attributes
                0x0000000000000586       0x20 Output/Release/Obj/serial_pca10056/ses_startup_nrf_common.o
 .ARM.attributes
                0x00000000000005a6       0x36 Output/Release/Obj/serial_pca10056/system_nrf52840.o
 .ARM.attributes
                0x00000000000005dc       0x20 C:/Program Files/SEGGER/SEGGER Embedded Studio for ARM 5.68/lib/libc_v7em_fpv4_sp_d16_hard_t_le_eabi.a(libc_asm.o)
 .ARM.attributes
                0x00000000000005fc       0x36 C:/Program Files/SEGGER/SEGGER Embedded Studio for ARM 5.68/lib/libc_v7em_fpv4_sp_d16_hard_t_le_eabi.a(libc2.o)
 .ARM.attributes
                0x0000000000000632       0x20 C:/Program Files/SEGGER/SEGGER Embedded Studio for ARM 5.68/lib/libc_v7em_fpv4_sp_d16_hard_t_le_eabi.a(libc2_asm.o)
 .ARM.attributes
                0x0000000000000652       0x36 C:/Program Files/SEGGER/SEGGER Embedded Studio for ARM 5.68/lib/libc_v7em_fpv4_sp_d16_hard_t_le_eabi.a(libvfprintf.o)
 .ARM.attributes
                0x0000000000000688       0x36 C:/Program Files/SEGGER/SEGGER Embedded Studio for ARM 5.68/lib/libc_v7em_fpv4_sp_d16_hard_t_le_eabi.a(libc.o)
 .ARM.attributes
                0x00000000000006be       0x36 C:/Program Files/SEGGER/SEGGER Embedded Studio for ARM 5.68/lib/libdebugio_v7em_fpv4_sp_d16_hard_t_le_eabi.a(libdebugio.o)
 .ARM.attributes
                0x00000000000006f4       0x36 C:/Program Files/SEGGER/SEGGER Embedded Studio for ARM 5.68/lib/libdebugio_v7em_fpv4_sp_d16_hard_t_le_eabi.a(mempoll_debug_operations.o)

.comment        0x0000000000000000       0x3f
 .comment       0x0000000000000000       0x3f Output/Release/Obj/serial_pca10056/boards.o
                                         0x40 (size before relaxing)
 .comment       0x000000000000003f       0x40 Output/Release/Obj/serial_pca10056/app_error.o
 .comment       0x000000000000003f       0x40 Output/Release/Obj/serial_pca10056/app_error_handler_gcc.o
 .comment       0x000000000000003f       0x40 Output/Release/Obj/serial_pca10056/app_error_weak.o
 .comment       0x000000000000003f       0x40 Output/Release/Obj/serial_pca10056/app_timer2.o
 .comment       0x000000000000003f       0x40 Output/Release/Obj/serial_pca10056/app_util_platform.o
 .comment       0x000000000000003f       0x40 Output/Release/Obj/serial_pca10056/drv_rtc.o
 .comment       0x000000000000003f       0x40 Output/Release/Obj/serial_pca10056/hardfault_handler_gcc.o
 .comment       0x000000000000003f       0x40 Output/Release/Obj/serial_pca10056/hardfault_implementation.o
 .comment       0x000000000000003f       0x40 Output/Release/Obj/serial_pca10056/nrf_assert.o
 .comment       0x000000000000003f       0x40 Output/Release/Obj/serial_pca10056/nrf_atfifo.o
 .comment       0x000000000000003f       0x40 Output/Release/Obj/serial_pca10056/nrf_atomic.o
 .comment       0x000000000000003f       0x40 Output/Release/Obj/serial_pca10056/nrf_queue.o
 .comment       0x000000000000003f       0x40 Output/Release/Obj/serial_pca10056/nrf_serial.o
 .comment       0x000000000000003f       0x40 Output/Release/Obj/serial_pca10056/nrf_sortlist.o
 .comment       0x000000000000003f       0x40 Output/Release/Obj/serial_pca10056/nrf_drv_clock.o
 .comment       0x000000000000003f       0x40 Output/Release/Obj/serial_pca10056/nrf_drv_power.o
 .comment       0x000000000000003f       0x40 Output/Release/Obj/serial_pca10056/nrf_drv_uart.o
 .comment       0x000000000000003f       0x40 Output/Release/Obj/serial_pca10056/nrfx_clock.o
 .comment       0x000000000000003f       0x40 Output/Release/Obj/serial_pca10056/nrfx_gpiote.o
 .comment       0x000000000000003f       0x40 Output/Release/Obj/serial_pca10056/nrfx_power.o
 .comment       0x000000000000003f       0x40 Output/Release/Obj/serial_pca10056/nrfx_prs.o
 .comment       0x000000000000003f       0x40 Output/Release/Obj/serial_pca10056/nrfx_uart.o
 .comment       0x000000000000003f       0x40 Output/Release/Obj/serial_pca10056/nrfx_uarte.o
 .comment       0x000000000000003f       0x40 Output/Release/Obj/serial_pca10056/main.o
 .comment       0x000000000000003f       0x40 Output/Release/Obj/serial_pca10056/system_nrf52840.o
 .comment       0x000000000000003f       0x40 C:/Program Files/SEGGER/SEGGER Embedded Studio for ARM 5.68/lib/libc_v7em_fpv4_sp_d16_hard_t_le_eabi.a(libc2.o)
 .comment       0x000000000000003f       0x40 C:/Program Files/SEGGER/SEGGER Embedded Studio for ARM 5.68/lib/libc_v7em_fpv4_sp_d16_hard_t_le_eabi.a(libvfprintf.o)
 .comment       0x000000000000003f       0x40 C:/Program Files/SEGGER/SEGGER Embedded Studio for ARM 5.68/lib/libc_v7em_fpv4_sp_d16_hard_t_le_eabi.a(libc.o)
 .comment       0x000000000000003f       0x40 C:/Program Files/SEGGER/SEGGER Embedded Studio for ARM 5.68/lib/libdebugio_v7em_fpv4_sp_d16_hard_t_le_eabi.a(libdebugio.o)
 .comment       0x000000000000003f       0x40 C:/Program Files/SEGGER/SEGGER Embedded Studio for ARM 5.68/lib/libdebugio_v7em_fpv4_sp_d16_hard_t_le_eabi.a(mempoll_debug_operations.o)

.debug_line     0x0000000000000000    0x13517
 .debug_line    0x0000000000000000      0x21e Output/Release/Obj/serial_pca10056/thumb_crt0.o
 .debug_line    0x000000000000021e      0xd30 Output/Release/Obj/serial_pca10056/boards.o
 .debug_line    0x0000000000000f4e      0x419 Output/Release/Obj/serial_pca10056/app_error.o
 .debug_line    0x0000000000001367      0x3ac Output/Release/Obj/serial_pca10056/app_error_handler_gcc.o
 .debug_line    0x0000000000001713      0x5cf Output/Release/Obj/serial_pca10056/app_error_weak.o
 .debug_line    0x0000000000001ce2      0xe62 Output/Release/Obj/serial_pca10056/app_timer2.o
 .debug_line    0x0000000000002b44      0x4c7 Output/Release/Obj/serial_pca10056/app_util_platform.o
 .debug_line    0x000000000000300b     0x1353 Output/Release/Obj/serial_pca10056/drv_rtc.o
 .debug_line    0x000000000000435e      0x3be Output/Release/Obj/serial_pca10056/hardfault_handler_gcc.o
 .debug_line    0x000000000000471c      0x611 Output/Release/Obj/serial_pca10056/hardfault_implementation.o
 .debug_line    0x0000000000004d2d      0x345 Output/Release/Obj/serial_pca10056/nrf_assert.o
 .debug_line    0x0000000000005072      0x7ae Output/Release/Obj/serial_pca10056/nrf_atfifo.o
 .debug_line    0x0000000000005820      0x6ff Output/Release/Obj/serial_pca10056/nrf_atomic.o
 .debug_line    0x0000000000005f1f      0xe6c Output/Release/Obj/serial_pca10056/nrf_queue.o
 .debug_line    0x0000000000006d8b     0x14b8 Output/Release/Obj/serial_pca10056/nrf_serial.o
 .debug_line    0x0000000000008243      0x6ee Output/Release/Obj/serial_pca10056/nrf_sortlist.o
 .debug_line    0x0000000000008931      0xcd7 Output/Release/Obj/serial_pca10056/nrf_drv_clock.o
 .debug_line    0x0000000000009608      0x7c5 Output/Release/Obj/serial_pca10056/nrf_drv_power.o
 .debug_line    0x0000000000009dcd      0x727 Output/Release/Obj/serial_pca10056/nrf_drv_uart.o
 .debug_line    0x000000000000a4f4      0xe7f Output/Release/Obj/serial_pca10056/nrfx_clock.o
 .debug_line    0x000000000000b373     0x27ab Output/Release/Obj/serial_pca10056/nrfx_gpiote.o
 .debug_line    0x000000000000db1e      0xe07 Output/Release/Obj/serial_pca10056/nrfx_power.o
 .debug_line    0x000000000000e925      0x7f6 Output/Release/Obj/serial_pca10056/nrfx_prs.o
 .debug_line    0x000000000000f11b     0x18cd Output/Release/Obj/serial_pca10056/nrfx_uart.o
 .debug_line    0x00000000000109e8     0x1849 Output/Release/Obj/serial_pca10056/nrfx_uarte.o
 .debug_line    0x0000000000012231      0xb9c Output/Release/Obj/serial_pca10056/main.o
 .debug_line    0x0000000000012dcd       0xe2 Output/Release/Obj/serial_pca10056/ses_startup_nrf52840.o
 .debug_line    0x0000000000012eaf      0x101 Output/Release/Obj/serial_pca10056/ses_startup_nrf_common.o
 .debug_line    0x0000000000012fb0      0x567 Output/Release/Obj/serial_pca10056/system_nrf52840.o

.debug_info     0x0000000000000000    0x1c6ba
 .debug_info    0x0000000000000000       0x22 Output/Release/Obj/serial_pca10056/thumb_crt0.o
 .debug_info    0x0000000000000022      0xdb0 Output/Release/Obj/serial_pca10056/boards.o
 .debug_info    0x0000000000000dd2      0x2b0 Output/Release/Obj/serial_pca10056/app_error.o
 .debug_info    0x0000000000001082       0xf5 Output/Release/Obj/serial_pca10056/app_error_handler_gcc.o
 .debug_info    0x0000000000001177      0x256 Output/Release/Obj/serial_pca10056/app_error_weak.o
 .debug_info    0x00000000000013cd     0x1577 Output/Release/Obj/serial_pca10056/app_timer2.o
 .debug_info    0x0000000000002944      0x841 Output/Release/Obj/serial_pca10056/app_util_platform.o
 .debug_info    0x0000000000003185     0x1dbe Output/Release/Obj/serial_pca10056/drv_rtc.o
 .debug_info    0x0000000000004f43       0x89 Output/Release/Obj/serial_pca10056/hardfault_handler_gcc.o
 .debug_info    0x0000000000004fcc      0x489 Output/Release/Obj/serial_pca10056/hardfault_implementation.o
 .debug_info    0x0000000000005455      0x145 Output/Release/Obj/serial_pca10056/nrf_assert.o
 .debug_info    0x000000000000559a      0x8a6 Output/Release/Obj/serial_pca10056/nrf_atfifo.o
 .debug_info    0x0000000000005e40      0x933 Output/Release/Obj/serial_pca10056/nrf_atomic.o
 .debug_info    0x0000000000006773     0x104a Output/Release/Obj/serial_pca10056/nrf_queue.o
 .debug_info    0x00000000000077bd     0x238d Output/Release/Obj/serial_pca10056/nrf_serial.o
 .debug_info    0x0000000000009b4a      0x3d6 Output/Release/Obj/serial_pca10056/nrf_sortlist.o
 .debug_info    0x0000000000009f20      0xd9f Output/Release/Obj/serial_pca10056/nrf_drv_clock.o
 .debug_info    0x000000000000acbf      0x752 Output/Release/Obj/serial_pca10056/nrf_drv_power.o
 .debug_info    0x000000000000b411     0x11f0 Output/Release/Obj/serial_pca10056/nrf_drv_uart.o
 .debug_info    0x000000000000c601     0x12eb Output/Release/Obj/serial_pca10056/nrfx_clock.o
 .debug_info    0x000000000000d8ec     0x3c8f Output/Release/Obj/serial_pca10056/nrfx_gpiote.o
 .debug_info    0x000000000001157b     0x1b28 Output/Release/Obj/serial_pca10056/nrfx_power.o
 .debug_info    0x00000000000130a3      0x7aa Output/Release/Obj/serial_pca10056/nrfx_prs.o
 .debug_info    0x000000000001384d     0x317f Output/Release/Obj/serial_pca10056/nrfx_uart.o
 .debug_info    0x00000000000169cc     0x3315 Output/Release/Obj/serial_pca10056/nrfx_uarte.o
 .debug_info    0x0000000000019ce1     0x14f3 Output/Release/Obj/serial_pca10056/main.o
 .debug_info    0x000000000001b1d4       0x23 Output/Release/Obj/serial_pca10056/ses_startup_nrf52840.o
 .debug_info    0x000000000001b1f7       0x23 Output/Release/Obj/serial_pca10056/ses_startup_nrf_common.o
 .debug_info    0x000000000001b21a     0x14a0 Output/Release/Obj/serial_pca10056/system_nrf52840.o

.debug_abbrev   0x0000000000000000     0x4bca
 .debug_abbrev  0x0000000000000000       0x12 Output/Release/Obj/serial_pca10056/thumb_crt0.o
 .debug_abbrev  0x0000000000000012      0x32b Output/Release/Obj/serial_pca10056/boards.o
 .debug_abbrev  0x000000000000033d      0x13e Output/Release/Obj/serial_pca10056/app_error.o
 .debug_abbrev  0x000000000000047b       0x7d Output/Release/Obj/serial_pca10056/app_error_handler_gcc.o
 .debug_abbrev  0x00000000000004f8      0x163 Output/Release/Obj/serial_pca10056/app_error_weak.o
 .debug_abbrev  0x000000000000065b      0x4b4 Output/Release/Obj/serial_pca10056/app_timer2.o
 .debug_abbrev  0x0000000000000b0f      0x2bf Output/Release/Obj/serial_pca10056/app_util_platform.o
 .debug_abbrev  0x0000000000000dce      0x4a5 Output/Release/Obj/serial_pca10056/drv_rtc.o
 .debug_abbrev  0x0000000000001273       0x4a Output/Release/Obj/serial_pca10056/hardfault_handler_gcc.o
 .debug_abbrev  0x00000000000012bd      0x1b9 Output/Release/Obj/serial_pca10056/hardfault_implementation.o
 .debug_abbrev  0x0000000000001476       0xda Output/Release/Obj/serial_pca10056/nrf_assert.o
 .debug_abbrev  0x0000000000001550      0x219 Output/Release/Obj/serial_pca10056/nrf_atfifo.o
 .debug_abbrev  0x0000000000001769      0x199 Output/Release/Obj/serial_pca10056/nrf_atomic.o
 .debug_abbrev  0x0000000000001902      0x308 Output/Release/Obj/serial_pca10056/nrf_queue.o
 .debug_abbrev  0x0000000000001c0a      0x56f Output/Release/Obj/serial_pca10056/nrf_serial.o
 .debug_abbrev  0x0000000000002179      0x164 Output/Release/Obj/serial_pca10056/nrf_sortlist.o
 .debug_abbrev  0x00000000000022dd      0x42f Output/Release/Obj/serial_pca10056/nrf_drv_clock.o
 .debug_abbrev  0x000000000000270c      0x20b Output/Release/Obj/serial_pca10056/nrf_drv_power.o
 .debug_abbrev  0x0000000000002917      0x22d Output/Release/Obj/serial_pca10056/nrf_drv_uart.o
 .debug_abbrev  0x0000000000002b44      0x43f Output/Release/Obj/serial_pca10056/nrfx_clock.o
 .debug_abbrev  0x0000000000002f83      0x58f Output/Release/Obj/serial_pca10056/nrfx_gpiote.o
 .debug_abbrev  0x0000000000003512      0x519 Output/Release/Obj/serial_pca10056/nrfx_power.o
 .debug_abbrev  0x0000000000003a2b      0x275 Output/Release/Obj/serial_pca10056/nrfx_prs.o
 .debug_abbrev  0x0000000000003ca0      0x54d Output/Release/Obj/serial_pca10056/nrfx_uart.o
 .debug_abbrev  0x00000000000041ed      0x4ba Output/Release/Obj/serial_pca10056/nrfx_uarte.o
 .debug_abbrev  0x00000000000046a7      0x2a7 Output/Release/Obj/serial_pca10056/main.o
 .debug_abbrev  0x000000000000494e       0x14 Output/Release/Obj/serial_pca10056/ses_startup_nrf52840.o
 .debug_abbrev  0x0000000000004962       0x14 Output/Release/Obj/serial_pca10056/ses_startup_nrf_common.o
 .debug_abbrev  0x0000000000004976      0x254 Output/Release/Obj/serial_pca10056/system_nrf52840.o

.debug_aranges  0x0000000000000000      0xb58
 .debug_aranges
                0x0000000000000000       0x98 Output/Release/Obj/serial_pca10056/thumb_crt0.o
 .debug_aranges
                0x0000000000000098       0x80 Output/Release/Obj/serial_pca10056/boards.o
 .debug_aranges
                0x0000000000000118       0x28 Output/Release/Obj/serial_pca10056/app_error.o
 .debug_aranges
                0x0000000000000140       0x20 Output/Release/Obj/serial_pca10056/app_error_handler_gcc.o
 .debug_aranges
                0x0000000000000160       0x20 Output/Release/Obj/serial_pca10056/app_error_weak.o
 .debug_aranges
                0x0000000000000180       0x88 Output/Release/Obj/serial_pca10056/app_timer2.o
 .debug_aranges
                0x0000000000000208       0x48 Output/Release/Obj/serial_pca10056/app_util_platform.o
 .debug_aranges
                0x0000000000000250       0xc0 Output/Release/Obj/serial_pca10056/drv_rtc.o
 .debug_aranges
                0x0000000000000310       0x20 Output/Release/Obj/serial_pca10056/hardfault_handler_gcc.o
 .debug_aranges
                0x0000000000000330       0x28 Output/Release/Obj/serial_pca10056/hardfault_implementation.o
 .debug_aranges
                0x0000000000000358       0x20 Output/Release/Obj/serial_pca10056/nrf_assert.o
 .debug_aranges
                0x0000000000000378       0x58 Output/Release/Obj/serial_pca10056/nrf_atfifo.o
 .debug_aranges
                0x00000000000003d0       0xb0 Output/Release/Obj/serial_pca10056/nrf_atomic.o
 .debug_aranges
                0x0000000000000480       0xa0 Output/Release/Obj/serial_pca10056/nrf_queue.o
 .debug_aranges
                0x0000000000000520       0xa8 Output/Release/Obj/serial_pca10056/nrf_serial.o
 .debug_aranges
                0x00000000000005c8       0x40 Output/Release/Obj/serial_pca10056/nrf_sortlist.o
 .debug_aranges
                0x0000000000000608       0x88 Output/Release/Obj/serial_pca10056/nrf_drv_clock.o
 .debug_aranges
                0x0000000000000690       0x60 Output/Release/Obj/serial_pca10056/nrf_drv_power.o
 .debug_aranges
                0x00000000000006f0       0x30 Output/Release/Obj/serial_pca10056/nrf_drv_uart.o
 .debug_aranges
                0x0000000000000720       0x78 Output/Release/Obj/serial_pca10056/nrfx_clock.o
 .debug_aranges
                0x0000000000000798      0x110 Output/Release/Obj/serial_pca10056/nrfx_gpiote.o
 .debug_aranges